{
  "answerElements" : [
    {
      "class" : "org.batfish.smt.answers.SmtOneAnswerElement",
      "result" : {
        "forwardingModel" : [
          "R1,Loopback0 --> _,_",
          "R2,Serial0 --> R1,Serial0"
        ],
        "model" : {
          "R1_OVERALL_none_0_BEST_metric" : "0",
          "R1_OVERALL_none_0_BEST_permitted" : "true",
          "R1_OVERALL_none_0_BEST_prefixLength" : "24",
          "R1_bgp_Loopback0_0_IMPORT_choice" : "false",
          "R1_bgp_Loopback0_0_IMPORT_metric" : "0",
          "R1_bgp_Loopback0_0_IMPORT_permitted" : "false",
          "R1_bgp_Loopback0_0_IMPORT_prefixLength" : "0",
          "R1_bgp_Serial0_0_IMPORT_choice" : "false",
          "R1_bgp_Serial0_0_IMPORT_metric" : "0",
          "R1_bgp_Serial0_0_IMPORT_permitted" : "false",
          "R1_bgp_Serial0_0_IMPORT_prefixLength" : "0",
          "R1_bgp__0_SINGLE-EXPORT_metric" : "1",
          "R1_bgp__0_SINGLE-EXPORT_permitted" : "true",
          "R1_bgp__0_SINGLE-EXPORT_prefixLength" : "24",
          "R1_bgp_none_0_BEST_metric" : "0",
          "R1_bgp_none_0_BEST_permitted" : "false",
          "R1_bgp_none_0_BEST_prefixLength" : "0",
          "R1_connected_Loopback0_0_IMPORT_choice" : "true",
          "R1_connected_Loopback0_0_IMPORT_permitted" : "true",
          "R1_connected_Loopback0_0_IMPORT_prefixLength" : "24",
          "R1_connected_Serial0_0_IMPORT_choice" : "false",
          "R1_connected_Serial0_0_IMPORT_permitted" : "false",
          "R1_connected_Serial0_0_IMPORT_prefixLength" : "0",
          "R1_connected__0_SINGLE-EXPORT_permitted" : "false",
          "R1_connected__0_SINGLE-EXPORT_prefixLength" : "0",
          "R1_connected_none_0_BEST_permitted" : "true",
          "R1_connected_none_0_BEST_prefixLength" : "24",
          "R2_OVERALL_none_0_BEST_metric" : "1",
          "R2_OVERALL_none_0_BEST_permitted" : "true",
          "R2_OVERALL_none_0_BEST_prefixLength" : "24",
          "R2_bgp_Loopback0_0_IMPORT_choice" : "false",
          "R2_bgp_Loopback0_0_IMPORT_metric" : "0",
          "R2_bgp_Loopback0_0_IMPORT_permitted" : "false",
          "R2_bgp_Loopback0_0_IMPORT_prefixLength" : "0",
          "R2_bgp_Serial0_0_IMPORT_choice" : "true",
          "R2_bgp__0_SINGLE-EXPORT_metric" : "2",
          "R2_bgp__0_SINGLE-EXPORT_permitted" : "true",
          "R2_bgp__0_SINGLE-EXPORT_prefixLength" : "24",
          "control-forwarding_R1_Loopback0" : "true",
          "control-forwarding_R1_Serial0" : "false",
          "control-forwarding_R2_Loopback0" : "false",
          "control-forwarding_R2_Serial0" : "true",
          "data-forwarding_R1_Loopback0" : "true",
          "data-forwarding_R1_Serial0" : "false",
          "data-forwarding_R2_Loopback0" : "false",
          "data-forwarding_R2_Serial0" : "true",
          "dst-ip0" : "707406336",
          "dst-port0" : "0",
          "icmp-code0" : "0",
          "icmp-type0" : "0",
          "ip-protocol0" : "0",
          "src-ip0" : "0",
          "src-port0" : "0"
        },
        "packetModel" : {
          "dstIp" : "42.42.42.0"
        },
        "verified" : false
      }
    }
  ],
  "question" : {
    "class" : "org.batfish.question.smt.ForwardingQuestionPlugin$ForwardingQuestion",
    "destination" : "42.42.42.0/32",
    "differential" : false
  },
  "status" : "SUCCESS"
}
