{
  "answerElements" : [
    {
      "class" : "org.batfish.smt.answers.SmtManyAnswerElement",
      "result" : {
        "R1,Loopback0 --> _,_" : {
          "verified" : true
        }
      }
    }
  ],
  "question" : {
    "class" : "org.batfish.question.smt.BoundedLengthQuestionPlugin$BoundedLengthQuestion",
    "bound" : 1,
    "differential" : false,
    "ifaceRegex" : "Loopback.*",
    "node1Regex" : "R1",
    "node2Regex" : ".*"
  },
  "status" : "SUCCESS"
}
