{
  "answerElements" : [
    {
      "class" : "org.batfish.smt.answers.SmtOneAnswerElement",
      "result" : {
        "forwardingModel" : [
          "R1,Loopback0 --> _,_",
          "R2,Serial0 --> R1,Serial0"
        ],
        "model" : {
          "CONTROL-FORWARDING_R1_Loopback0" : "true",
          "CONTROL-FORWARDING_R1_Serial0" : "false",
          "CONTROL-FORWARDING_R2_Loopback0" : "false",
          "CONTROL-FORWARDING_R2_Serial0" : "true",
          "DATA-FORWARDING_R1_Loopback0" : "true",
          "DATA-FORWARDING_R1_Serial0" : "false",
          "DATA-FORWARDING_R2_Loopback0" : "false",
          "DATA-FORWARDING_R2_Serial0" : "true",
          "FAILED-EDGE_R1_Loopback0" : "0",
          "FAILED-EDGE_R2_Loopback0" : "0",
          "FAILED-INTERNAL_R1_R2" : "0",
          "R1_BGP_None_BEST_history" : "0",
          "R1_BGP_None_BEST_metric" : "0",
          "R1_BGP_None_BEST_permitted" : "false",
          "R1_BGP_None_BEST_prefixLength" : "0",
          "R1_BGP_Serial0_IMPORT_choice" : "false",
          "R1_BGP_Serial0_IMPORT_metric" : "0",
          "R1_BGP_Serial0_IMPORT_permitted" : "false",
          "R1_BGP_Serial0_IMPORT_prefixLength" : "0",
          "R1_BGP__SINGLE-EXPORT_metric" : "1",
          "R1_BGP__SINGLE-EXPORT_permitted" : "true",
          "R1_BGP__SINGLE-EXPORT_prefixLength" : "24",
          "R1_CONNECTED_Loopback0_IMPORT_choice" : "true",
          "R1_CONNECTED_Loopback0_IMPORT_permitted" : "true",
          "R1_CONNECTED_Loopback0_IMPORT_prefixLength" : "24",
          "R1_CONNECTED_None_BEST_history" : "1",
          "R1_CONNECTED_None_BEST_permitted" : "true",
          "R1_CONNECTED_None_BEST_prefixLength" : "24",
          "R1_CONNECTED_Serial0_IMPORT_choice" : "false",
          "R1_CONNECTED_Serial0_IMPORT_permitted" : "false",
          "R1_CONNECTED_Serial0_IMPORT_prefixLength" : "0",
          "R1_CONNECTED__SINGLE-EXPORT_permitted" : "false",
          "R1_CONNECTED__SINGLE-EXPORT_prefixLength" : "0",
          "R1_OVERALL_None_BEST_adminDist" : "0",
          "R1_OVERALL_None_BEST_history" : "1",
          "R1_OVERALL_None_BEST_metric" : "0",
          "R1_OVERALL_None_BEST_permitted" : "true",
          "R1_OVERALL_None_BEST_prefixLength" : "24",
          "R2_BGP_Serial0_IMPORT_choice" : "true",
          "R2_BGP__SINGLE-EXPORT_metric" : "2",
          "R2_BGP__SINGLE-EXPORT_permitted" : "true",
          "R2_BGP__SINGLE-EXPORT_prefixLength" : "24",
          "R2_OVERALL_None_BEST_metric" : "1",
          "R2_OVERALL_None_BEST_permitted" : "true",
          "R2_OVERALL_None_BEST_prefixLength" : "24",
          "dst-ip0" : "707406336",
          "dst-port0" : "0",
          "icmp-code0" : "0",
          "icmp-type0" : "0",
          "ip-protocol0" : "0",
          "src-ip0" : "0",
          "src-port0" : "0"
        },
        "packetModel" : {
          "dstIp" : "42.42.42.0"
        },
        "verified" : false
      }
    }
  ],
  "question" : {
    "class" : "org.batfish.question.smt.ForwardingQuestionPlugin$ForwardingQuestion",
    "differential" : false,
    "dstIps" : [
      "42.42.42.0"
    ],
    "failures" : 0,
    "fullModel" : true,
    "noEnvironment" : false
  },
  "status" : "SUCCESS"
}
