{
  "answerElements" : [
    {
      "class" : "org.batfish.smt.answers.SmtManyAnswerElement",
      "result" : {
        "as2border2<-->as2border1" : {
          "environmentModel" : {
            "as2border1,FastEthernet0/0 (BGP)" : {
              "community(1:2)" : "set",
              "community(3:2)" : "set",
              "prefix" : "0.0.0.0/1",
              "protocol metric" : "255"
            },
            "as2border2,FastEthernet0/0 (BGP)" : {
              "community(1:2)" : "set",
              "community(3:2)" : "set",
              "prefix" : "0.0.0.0/1",
              "protocol metric" : "255"
            }
          },
          "forwardingModel" : [
            "as2border1,FastEthernet0/0 --> _,_"
          ],
          "packetModel" : {
            "dstIp" : "1.0.0.0",
            "srcIp" : "2.0.0.0"
          },
          "verified" : false
        }
      }
    }
  ],
  "question" : {
    "class" : "org.batfish.question.smt.LocalConsistencyQuestionPlugin$LocalConsistencyQuestion",
    "differential" : false,
    "failures" : 0,
    "fullModel" : false,
    "nodeRegex" : ".*border.*"
  },
  "status" : "SUCCESS"
}
