{
  "answerElements" : [
    {
      "class" : "org.batfish.smt.answers.SmtManyAnswerElement",
      "result" : {
        "R1<-->R2" : {
          "environmentModel" : {
            "R1,Serial0 (BGP)" : {
              "prefix" : "20.20.20.0/25",
              "protocol metric" : "255"
            },
            "R1,Serial1 (BGP)" : {
              "prefix" : "20.20.20.0/25",
              "protocol metric" : "255"
            },
            "R2,Serial0 (BGP)" : {
              "prefix" : "20.20.20.0/25",
              "protocol metric" : "255"
            },
            "R2,Serial1 (BGP)" : {
              "prefix" : "20.20.20.0/25",
              "protocol metric" : "255"
            }
          },
          "forwardingModel" : [
            "R1,Serial0 --> _,_",
            "R1,Serial1 --> _,_",
            "R2,Serial0 --> _,_"
          ],
          "model" : {
            "CONTROL-FORWARDING_R1_Loopback0" : "false",
            "CONTROL-FORWARDING_R1_Serial0" : "true",
            "CONTROL-FORWARDING_R1_Serial1" : "true",
            "CONTROL-FORWARDING_R2_Loopback0" : "false",
            "CONTROL-FORWARDING_R2_Serial0" : "true",
            "CONTROL-FORWARDING_R2_Serial1" : "false",
            "DATA-FORWARDING_R1_Loopback0" : "false",
            "DATA-FORWARDING_R1_Serial0" : "true",
            "DATA-FORWARDING_R1_Serial1" : "true",
            "DATA-FORWARDING_R2_Loopback0" : "false",
            "DATA-FORWARDING_R2_Serial0" : "true",
            "DATA-FORWARDING_R2_Serial1" : "false",
            "R1_BGP_ENV-181.0.0.1_EXPORT_metric" : "255",
            "R1_BGP_ENV-181.0.0.1_EXPORT_permitted" : "true",
            "R1_BGP_ENV-181.0.0.1_EXPORT_prefixLength" : "25",
            "R1_BGP_ENV-192.168.42.2_EXPORT_metric" : "255",
            "R1_BGP_ENV-192.168.42.2_EXPORT_permitted" : "true",
            "R1_BGP_ENV-192.168.42.2_EXPORT_prefixLength" : "25",
            "R1_BGP_None_BEST_history" : "0",
            "R1_BGP_None_BEST_metric" : "255",
            "R1_BGP_None_BEST_permitted" : "true",
            "R1_BGP_None_BEST_prefixLength" : "25",
            "R1_BGP_Serial0_IMPORT_choice" : "true",
            "R1_BGP_Serial0_IMPORT_metric" : "255",
            "R1_BGP_Serial0_IMPORT_permitted" : "true",
            "R1_BGP_Serial0_IMPORT_prefixLength" : "25",
            "R1_BGP_Serial1_IMPORT_choice" : "true",
            "R1_BGP_Serial1_IMPORT_metric" : "255",
            "R1_BGP_Serial1_IMPORT_permitted" : "true",
            "R1_BGP_Serial1_IMPORT_prefixLength" : "25",
            "R1_BGP__SINGLE-EXPORT_metric" : "0",
            "R1_BGP__SINGLE-EXPORT_permitted" : "false",
            "R1_BGP__SINGLE-EXPORT_prefixLength" : "0",
            "R1_CONNECTED_Loopback0_IMPORT_choice" : "false",
            "R1_CONNECTED_Loopback0_IMPORT_permitted" : "false",
            "R1_CONNECTED_Loopback0_IMPORT_prefixLength" : "0",
            "R1_CONNECTED_None_BEST_history" : "0",
            "R1_CONNECTED_None_BEST_permitted" : "false",
            "R1_CONNECTED_None_BEST_prefixLength" : "0",
            "R1_CONNECTED_Serial0_IMPORT_choice" : "false",
            "R1_CONNECTED_Serial0_IMPORT_permitted" : "false",
            "R1_CONNECTED_Serial0_IMPORT_prefixLength" : "0",
            "R1_CONNECTED_Serial1_IMPORT_choice" : "false",
            "R1_CONNECTED_Serial1_IMPORT_permitted" : "false",
            "R1_CONNECTED_Serial1_IMPORT_prefixLength" : "0",
            "R1_CONNECTED__SINGLE-EXPORT_permitted" : "false",
            "R1_CONNECTED__SINGLE-EXPORT_prefixLength" : "0",
            "R1_OVERALL_None_BEST_adminDist" : "20",
            "R1_OVERALL_None_BEST_history" : "0",
            "R1_OVERALL_None_BEST_metric" : "255",
            "R1_OVERALL_None_BEST_permitted" : "true",
            "R1_OVERALL_None_BEST_prefixLength" : "25",
            "R2_BGP_ENV-180.0.0.1_EXPORT_metric" : "255",
            "R2_BGP_ENV-180.0.0.1_EXPORT_permitted" : "true",
            "R2_BGP_ENV-180.0.0.1_EXPORT_prefixLength" : "25",
            "R2_BGP_ENV-192.168.42.1_EXPORT_metric" : "255",
            "R2_BGP_ENV-192.168.42.1_EXPORT_permitted" : "true",
            "R2_BGP_ENV-192.168.42.1_EXPORT_prefixLength" : "25",
            "R2_BGP_None_BEST_history" : "0",
            "R2_BGP_None_BEST_metric" : "255",
            "R2_BGP_None_BEST_permitted" : "true",
            "R2_BGP_None_BEST_prefixLength" : "25",
            "R2_BGP_Serial0_IMPORT_choice" : "true",
            "R2_BGP_Serial0_IMPORT_metric" : "255",
            "R2_BGP_Serial0_IMPORT_permitted" : "true",
            "R2_BGP_Serial0_IMPORT_prefixLength" : "25",
            "R2_BGP_Serial1_IMPORT_choice" : "false",
            "R2_BGP_Serial1_IMPORT_metric" : "0",
            "R2_BGP_Serial1_IMPORT_permitted" : "false",
            "R2_BGP_Serial1_IMPORT_prefixLength" : "0",
            "R2_BGP__SINGLE-EXPORT_metric" : "0",
            "R2_BGP__SINGLE-EXPORT_permitted" : "false",
            "R2_BGP__SINGLE-EXPORT_prefixLength" : "0",
            "R2_CONNECTED_Loopback0_IMPORT_choice" : "false",
            "R2_CONNECTED_Loopback0_IMPORT_permitted" : "false",
            "R2_CONNECTED_Loopback0_IMPORT_prefixLength" : "0",
            "R2_CONNECTED_None_BEST_history" : "0",
            "R2_CONNECTED_None_BEST_permitted" : "false",
            "R2_CONNECTED_None_BEST_prefixLength" : "0",
            "R2_CONNECTED_Serial0_IMPORT_choice" : "false",
            "R2_CONNECTED_Serial0_IMPORT_permitted" : "false",
            "R2_CONNECTED_Serial0_IMPORT_prefixLength" : "0",
            "R2_CONNECTED_Serial1_IMPORT_choice" : "false",
            "R2_CONNECTED_Serial1_IMPORT_permitted" : "false",
            "R2_CONNECTED_Serial1_IMPORT_prefixLength" : "0",
            "R2_CONNECTED__SINGLE-EXPORT_permitted" : "false",
            "R2_CONNECTED__SINGLE-EXPORT_prefixLength" : "0",
            "R2_OVERALL_None_BEST_adminDist" : "20",
            "R2_OVERALL_None_BEST_history" : "0",
            "R2_OVERALL_None_BEST_metric" : "255",
            "R2_OVERALL_None_BEST_permitted" : "true",
            "R2_OVERALL_None_BEST_prefixLength" : "25",
            "dst-ip0" : "336860160",
            "dst-ip1" : "336860160",
            "dst-port0" : "0",
            "dst-port1" : "0",
            "icmp-code0" : "0",
            "icmp-code1" : "0",
            "icmp-type0" : "0",
            "icmp-type1" : "0",
            "ip-protocol0" : "0",
            "ip-protocol1" : "0",
            "src-ip0" : "0",
            "src-ip1" : "0",
            "src-port0" : "0",
            "src-port1" : "0",
            "tcp-ack0" : "false",
            "tcp-ack1" : "false",
            "tcp-cwr0" : "false",
            "tcp-cwr1" : "false",
            "tcp-ece0" : "false",
            "tcp-ece1" : "false",
            "tcp-fin0" : "false",
            "tcp-fin1" : "false",
            "tcp-psh0" : "false",
            "tcp-psh1" : "false",
            "tcp-rst0" : "false",
            "tcp-rst1" : "false",
            "tcp-syn0" : "false",
            "tcp-syn1" : "false",
            "tcp-urg0" : "false",
            "tcp-urg1" : "false"
          },
          "packetModel" : {
            "dstIp" : "20.20.20.0"
          },
          "verified" : false
        }
      }
    }
  ],
  "question" : {
    "class" : "org.batfish.question.smt.LocalConsistencyQuestionPlugin$LocalConsistencyQuestion",
    "differential" : false,
    "failures" : 0,
    "fullModel" : true,
    "nodeRegex" : ".*",
    "strict" : false
  },
  "status" : "SUCCESS"
}
