{
  "answerElements" : [
    {
      "class" : "org.batfish.datamodel.answers.ParseVendorConfigurationAnswerElement",
      "fileMap" : {
        "R1" : "R1.cfg",
        "R2" : "R2.cfg"
      },
      "parseStatus" : {
        "R1" : "PASSED",
        "R2" : "PASSED"
      },
      "version" : "0.14.0"
    },
    {
      "class" : "org.batfish.datamodel.answers.ConvertConfigurationAnswerElement",
      "version" : "0.14.0"
    },
    {
      "class" : "org.batfish.datamodel.answers.InitInfoAnswerElement",
      "parseStatus" : {
        "R1" : "PASSED",
        "R2" : "PASSED"
      }
    }
  ],
  "status" : "SUCCESS"
}
