{
  "answerElements" : [
    {
      "class" : "org.batfish.datamodel.answers.ParseVendorConfigurationAnswerElement",
      "fileMap" : {
        "R1" : "R1.txt",
        "R2" : "R2.txt",
        "R3" : "R3.txt",
        "R4" : "R4.txt"
      },
      "parseStatus" : {
        "R1" : "PASSED",
        "R2" : "PASSED",
        "R3" : "PASSED",
        "R4" : "PASSED"
      },
      "version" : "0.18.0"
    },
    {
      "class" : "org.batfish.datamodel.answers.ConvertConfigurationAnswerElement",
      "version" : "0.18.0"
    },
    {
      "class" : "org.batfish.datamodel.answers.InitInfoAnswerElement",
      "parseStatus" : {
        "R1" : "PASSED",
        "R2" : "PASSED",
        "R3" : "PASSED",
        "R4" : "PASSED"
      }
    }
  ],
  "status" : "SUCCESS"
}
