{
"answerElements" : [
  {
    "class" : "org.batfish.smt.answers.SmtOneAnswerElement",
    "result" : {
      "environmentModel" : {
        "R1,Serial1 (BGP)" : {
          "prefix" : "0.0.0.0/1",
          "protocol metric" : "255"
        }
      },
      "forwardingModel" : [
        "R1,Serial1 --> _,_",
        "R2,Serial0 --> R1,Serial0",
        "R3,Serial0 --> R4,Serial0",
        "R4,Loopback0 --> _,_"
      ],
      "model" : {
        "SLICE-MAIN_CONTROL-FORWARDING_R1_Loopback0" : "false",
        "SLICE-MAIN_CONTROL-FORWARDING_R1_Serial0" : "false",
        "SLICE-MAIN_CONTROL-FORWARDING_R1_Serial1" : "true",
        "SLICE-MAIN_CONTROL-FORWARDING_R1_iBGP-R2" : "false",
        "SLICE-MAIN_CONTROL-FORWARDING_R2_Loopback0" : "false",
        "SLICE-MAIN_CONTROL-FORWARDING_R2_Serial0" : "false",
        "SLICE-MAIN_CONTROL-FORWARDING_R2_Serial1" : "false",
        "SLICE-MAIN_CONTROL-FORWARDING_R2_iBGP-R1" : "true",
        "SLICE-MAIN_CONTROL-FORWARDING_R3_Loopback0" : "false",
        "SLICE-MAIN_CONTROL-FORWARDING_R3_Serial0" : "true",
        "SLICE-MAIN_CONTROL-FORWARDING_R3_Serial1" : "false",
        "SLICE-MAIN_CONTROL-FORWARDING_R3_iBGP-R4" : "false",
        "SLICE-MAIN_CONTROL-FORWARDING_R4_Loopback0" : "true",
        "SLICE-MAIN_CONTROL-FORWARDING_R4_Serial0" : "false",
        "SLICE-MAIN_CONTROL-FORWARDING_R4_Serial1" : "false",
        "SLICE-MAIN_CONTROL-FORWARDING_R4_iBGP-R3" : "false",
        "SLICE-MAIN_DATA-FORWARDING_R1_Loopback0" : "false",
        "SLICE-MAIN_DATA-FORWARDING_R1_Serial0" : "false",
        "SLICE-MAIN_DATA-FORWARDING_R1_Serial1" : "true",
        "SLICE-MAIN_DATA-FORWARDING_R2_Loopback0" : "false",
        "SLICE-MAIN_DATA-FORWARDING_R2_Serial0" : "true",
        "SLICE-MAIN_DATA-FORWARDING_R2_Serial1" : "false",
        "SLICE-MAIN_DATA-FORWARDING_R3_Loopback0" : "false",
        "SLICE-MAIN_DATA-FORWARDING_R3_Serial0" : "true",
        "SLICE-MAIN_DATA-FORWARDING_R3_Serial1" : "false",
        "SLICE-MAIN_DATA-FORWARDING_R4_Loopback0" : "true",
        "SLICE-MAIN_DATA-FORWARDING_R4_Serial0" : "false",
        "SLICE-MAIN_DATA-FORWARDING_R4_Serial1" : "false",
        "SLICE-MAIN_R1_BGP_ENV-10.11.11.1_EXPORT_bgpInternal" : "false",
        "SLICE-MAIN_R1_BGP_ENV-10.11.11.1_EXPORT_metric" : "255",
        "SLICE-MAIN_R1_BGP_ENV-10.11.11.1_EXPORT_permitted" : "true",
        "SLICE-MAIN_R1_BGP_ENV-10.11.11.1_EXPORT_prefixLength" : "1",
        "SLICE-MAIN_R1_BGP_Serial1_EXPORT_bgpInternal" : "false",
        "SLICE-MAIN_R1_BGP_Serial1_EXPORT_metric" : "0",
        "SLICE-MAIN_R1_BGP_Serial1_EXPORT_permitted" : "false",
        "SLICE-MAIN_R1_BGP_Serial1_EXPORT_prefixLength" : "0",
        "SLICE-MAIN_R1_BGP_Serial1_IMPORT_bgpInternal" : "false",
        "SLICE-MAIN_R1_BGP_Serial1_IMPORT_choice" : "true",
        "SLICE-MAIN_R1_BGP_Serial1_IMPORT_metric" : "255",
        "SLICE-MAIN_R1_BGP_Serial1_IMPORT_permitted" : "true",
        "SLICE-MAIN_R1_BGP_Serial1_IMPORT_prefixLength" : "1",
        "SLICE-MAIN_R1_BGP_iBGP-R2_EXPORT_bgpInternal" : "true",
        "SLICE-MAIN_R1_BGP_iBGP-R2_EXPORT_metric" : "255",
        "SLICE-MAIN_R1_BGP_iBGP-R2_EXPORT_permitted" : "true",
        "SLICE-MAIN_R1_BGP_iBGP-R2_EXPORT_prefixLength" : "1",
        "SLICE-MAIN_R1_BGP_iBGP-R2_IMPORT_bgpInternal" : "false",
        "SLICE-MAIN_R1_BGP_iBGP-R2_IMPORT_choice" : "false",
        "SLICE-MAIN_R1_BGP_iBGP-R2_IMPORT_igpMetric" : "0",
        "SLICE-MAIN_R1_BGP_iBGP-R2_IMPORT_metric" : "0",
        "SLICE-MAIN_R1_BGP_iBGP-R2_IMPORT_permitted" : "false",
        "SLICE-MAIN_R1_BGP_iBGP-R2_IMPORT_prefixLength" : "0",
        "SLICE-MAIN_R1_OVERALL_None_BEST_bgpInternal" : "false",
        "SLICE-MAIN_R1_OVERALL_None_BEST_igpMetric" : "0",
        "SLICE-MAIN_R1_OVERALL_None_BEST_metric" : "255",
        "SLICE-MAIN_R1_OVERALL_None_BEST_permitted" : "true",
        "SLICE-MAIN_R1_OVERALL_None_BEST_prefixLength" : "1",
        "SLICE-MAIN_R2_BGP_Serial1_EXPORT_bgpInternal" : "false",
        "SLICE-MAIN_R2_BGP_Serial1_EXPORT_metric" : "0",
        "SLICE-MAIN_R2_BGP_Serial1_EXPORT_permitted" : "false",
        "SLICE-MAIN_R2_BGP_Serial1_EXPORT_prefixLength" : "0",
        "SLICE-MAIN_R2_BGP_Serial1_IMPORT_choice" : "false",
        "SLICE-MAIN_R2_BGP_iBGP-R1_EXPORT_bgpInternal" : "false",
        "SLICE-MAIN_R2_BGP_iBGP-R1_EXPORT_metric" : "0",
        "SLICE-MAIN_R2_BGP_iBGP-R1_EXPORT_permitted" : "false",
        "SLICE-MAIN_R2_BGP_iBGP-R1_EXPORT_prefixLength" : "0",
        "SLICE-MAIN_R2_BGP_iBGP-R1_IMPORT_bgpInternal" : "true",
        "SLICE-MAIN_R2_BGP_iBGP-R1_IMPORT_choice" : "true",
        "SLICE-MAIN_R2_BGP_iBGP-R1_IMPORT_igpMetric" : "0",
        "SLICE-MAIN_R2_BGP_iBGP-R1_IMPORT_metric" : "255",
        "SLICE-MAIN_R2_BGP_iBGP-R1_IMPORT_permitted" : "true",
        "SLICE-MAIN_R2_BGP_iBGP-R1_IMPORT_prefixLength" : "1",
        "SLICE-MAIN_R2_OVERALL_None_BEST_bgpInternal" : "true",
        "SLICE-MAIN_R2_OVERALL_None_BEST_igpMetric" : "0",
        "SLICE-MAIN_R2_OVERALL_None_BEST_metric" : "255",
        "SLICE-MAIN_R2_OVERALL_None_BEST_permitted" : "true",
        "SLICE-MAIN_R2_OVERALL_None_BEST_prefixLength" : "1",
        "SLICE-MAIN_R3_BGP_None_BEST_bgpInternal" : "false",
        "SLICE-MAIN_R3_BGP_None_BEST_history" : "0",
        "SLICE-MAIN_R3_BGP_None_BEST_igpMetric" : "0",
        "SLICE-MAIN_R3_BGP_None_BEST_metric" : "0",
        "SLICE-MAIN_R3_BGP_None_BEST_permitted" : "false",
        "SLICE-MAIN_R3_BGP_None_BEST_prefixLength" : "0",
        "SLICE-MAIN_R3_BGP_Serial1_EXPORT_bgpInternal" : "false",
        "SLICE-MAIN_R3_BGP_Serial1_EXPORT_metric" : "0",
        "SLICE-MAIN_R3_BGP_Serial1_EXPORT_permitted" : "false",
        "SLICE-MAIN_R3_BGP_Serial1_EXPORT_prefixLength" : "0",
        "SLICE-MAIN_R3_BGP_Serial1_IMPORT_choice" : "false",
        "SLICE-MAIN_R3_BGP_iBGP-R4_EXPORT_bgpInternal" : "false",
        "SLICE-MAIN_R3_BGP_iBGP-R4_EXPORT_metric" : "0",
        "SLICE-MAIN_R3_BGP_iBGP-R4_EXPORT_permitted" : "false",
        "SLICE-MAIN_R3_BGP_iBGP-R4_EXPORT_prefixLength" : "0",
        "SLICE-MAIN_R3_BGP_iBGP-R4_IMPORT_bgpInternal" : "false",
        "SLICE-MAIN_R3_BGP_iBGP-R4_IMPORT_choice" : "false",
        "SLICE-MAIN_R3_BGP_iBGP-R4_IMPORT_igpMetric" : "0",
        "SLICE-MAIN_R3_BGP_iBGP-R4_IMPORT_metric" : "0",
        "SLICE-MAIN_R3_BGP_iBGP-R4_IMPORT_permitted" : "false",
        "SLICE-MAIN_R3_BGP_iBGP-R4_IMPORT_prefixLength" : "0",
        "SLICE-MAIN_R3_OVERALL_None_BEST_adminDist" : "1",
        "SLICE-MAIN_R3_OVERALL_None_BEST_bgpInternal" : "true",
        "SLICE-MAIN_R3_OVERALL_None_BEST_history" : "1",
        "SLICE-MAIN_R3_OVERALL_None_BEST_igpMetric" : "0",
        "SLICE-MAIN_R3_OVERALL_None_BEST_metric" : "0",
        "SLICE-MAIN_R3_OVERALL_None_BEST_permitted" : "true",
        "SLICE-MAIN_R3_OVERALL_None_BEST_prefixLength" : "32",
        "SLICE-MAIN_R3_STATIC_None_BEST_history" : "1",
        "SLICE-MAIN_R3_STATIC_None_BEST_permitted" : "true",
        "SLICE-MAIN_R3_STATIC_None_BEST_prefixLength" : "32",
        "SLICE-MAIN_R3_STATIC_Serial0_IMPORT_choice" : "true",
        "SLICE-MAIN_R3_STATIC_Serial0_IMPORT_permitted" : "true",
        "SLICE-MAIN_R3_STATIC_Serial0_IMPORT_prefixLength" : "32",
        "SLICE-MAIN_R3_STATIC__SINGLE-EXPORT_permitted" : "false",
        "SLICE-MAIN_R3_STATIC__SINGLE-EXPORT_prefixLength" : "0",
        "SLICE-MAIN_R4_BGP_None_BEST_bgpInternal" : "false",
        "SLICE-MAIN_R4_BGP_None_BEST_history" : "0",
        "SLICE-MAIN_R4_BGP_None_BEST_igpMetric" : "0",
        "SLICE-MAIN_R4_BGP_None_BEST_metric" : "0",
        "SLICE-MAIN_R4_BGP_None_BEST_permitted" : "false",
        "SLICE-MAIN_R4_BGP_None_BEST_prefixLength" : "0",
        "SLICE-MAIN_R4_BGP_iBGP-R3_EXPORT_bgpInternal" : "false",
        "SLICE-MAIN_R4_BGP_iBGP-R3_EXPORT_metric" : "0",
        "SLICE-MAIN_R4_BGP_iBGP-R3_EXPORT_permitted" : "false",
        "SLICE-MAIN_R4_BGP_iBGP-R3_EXPORT_prefixLength" : "0",
        "SLICE-MAIN_R4_BGP_iBGP-R3_IMPORT_bgpInternal" : "false",
        "SLICE-MAIN_R4_BGP_iBGP-R3_IMPORT_choice" : "false",
        "SLICE-MAIN_R4_BGP_iBGP-R3_IMPORT_igpMetric" : "0",
        "SLICE-MAIN_R4_BGP_iBGP-R3_IMPORT_metric" : "0",
        "SLICE-MAIN_R4_BGP_iBGP-R3_IMPORT_permitted" : "false",
        "SLICE-MAIN_R4_BGP_iBGP-R3_IMPORT_prefixLength" : "0",
        "SLICE-MAIN_R4_CONNECTED_Loopback0_IMPORT_choice" : "true",
        "SLICE-MAIN_R4_CONNECTED_Loopback0_IMPORT_permitted" : "true",
        "SLICE-MAIN_R4_CONNECTED_Loopback0_IMPORT_prefixLength" : "32",
        "SLICE-MAIN_R4_CONNECTED_None_BEST_history" : "1",
        "SLICE-MAIN_R4_CONNECTED_None_BEST_permitted" : "true",
        "SLICE-MAIN_R4_CONNECTED_None_BEST_prefixLength" : "32",
        "SLICE-MAIN_R4_CONNECTED_Serial0_IMPORT_choice" : "false",
        "SLICE-MAIN_R4_CONNECTED_Serial0_IMPORT_permitted" : "false",
        "SLICE-MAIN_R4_CONNECTED_Serial0_IMPORT_prefixLength" : "0",
        "SLICE-MAIN_R4_CONNECTED_Serial1_IMPORT_choice" : "false",
        "SLICE-MAIN_R4_CONNECTED_Serial1_IMPORT_permitted" : "false",
        "SLICE-MAIN_R4_CONNECTED_Serial1_IMPORT_prefixLength" : "0",
        "SLICE-MAIN_R4_CONNECTED__SINGLE-EXPORT_permitted" : "false",
        "SLICE-MAIN_R4_CONNECTED__SINGLE-EXPORT_prefixLength" : "0",
        "SLICE-MAIN_R4_OVERALL_None_BEST_adminDist" : "0",
        "SLICE-MAIN_R4_OVERALL_None_BEST_bgpInternal" : "true",
        "SLICE-MAIN_R4_OVERALL_None_BEST_history" : "1",
        "SLICE-MAIN_R4_OVERALL_None_BEST_igpMetric" : "0",
        "SLICE-MAIN_R4_OVERALL_None_BEST_metric" : "0",
        "SLICE-MAIN_R4_OVERALL_None_BEST_permitted" : "true",
        "SLICE-MAIN_R4_OVERALL_None_BEST_prefixLength" : "32",
        "SLICE-MAIN_dst-ip0" : "67372036",
        "SLICE-MAIN_dst-port0" : "0",
        "SLICE-MAIN_icmp-code0" : "0",
        "SLICE-MAIN_icmp-type0" : "0",
        "SLICE-MAIN_ip-protocol0" : "0",
        "SLICE-MAIN_src-ip0" : "0",
        "SLICE-MAIN_src-port0" : "0",
        "SLICE-R1_CONTROL-FORWARDING_R1_Loopback0" : "true",
        "SLICE-R1_CONTROL-FORWARDING_R1_Serial0" : "false",
        "SLICE-R1_CONTROL-FORWARDING_R1_Serial1" : "false",
        "SLICE-R1_CONTROL-FORWARDING_R1_iBGP-R2" : "false",
        "SLICE-R1_CONTROL-FORWARDING_R2_Loopback0" : "false",
        "SLICE-R1_CONTROL-FORWARDING_R2_Serial0" : "true",
        "SLICE-R1_CONTROL-FORWARDING_R2_Serial1" : "false",
        "SLICE-R1_CONTROL-FORWARDING_R2_iBGP-R1" : "false",
        "SLICE-R1_CONTROL-FORWARDING_R3_Loopback0" : "false",
        "SLICE-R1_CONTROL-FORWARDING_R3_Serial0" : "true",
        "SLICE-R1_CONTROL-FORWARDING_R3_Serial1" : "false",
        "SLICE-R1_CONTROL-FORWARDING_R3_iBGP-R4" : "false",
        "SLICE-R1_CONTROL-FORWARDING_R4_Loopback0" : "false",
        "SLICE-R1_CONTROL-FORWARDING_R4_Serial0" : "true",
        "SLICE-R1_CONTROL-FORWARDING_R4_Serial1" : "false",
        "SLICE-R1_CONTROL-FORWARDING_R4_iBGP-R3" : "false",
        "SLICE-R1_DATA-FORWARDING_R1_Loopback0" : "true",
        "SLICE-R1_DATA-FORWARDING_R1_Serial0" : "false",
        "SLICE-R1_DATA-FORWARDING_R1_Serial1" : "false",
        "SLICE-R1_DATA-FORWARDING_R2_Loopback0" : "false",
        "SLICE-R1_DATA-FORWARDING_R2_Serial0" : "true",
        "SLICE-R1_DATA-FORWARDING_R2_Serial1" : "false",
        "SLICE-R1_DATA-FORWARDING_R3_Loopback0" : "false",
        "SLICE-R1_DATA-FORWARDING_R3_Serial0" : "true",
        "SLICE-R1_DATA-FORWARDING_R3_Serial1" : "false",
        "SLICE-R1_DATA-FORWARDING_R4_Loopback0" : "false",
        "SLICE-R1_DATA-FORWARDING_R4_Serial0" : "true",
        "SLICE-R1_DATA-FORWARDING_R4_Serial1" : "false",
        "SLICE-R1_R1_BGP_None_BEST_bgpInternal" : "false",
        "SLICE-R1_R1_BGP_None_BEST_history" : "0",
        "SLICE-R1_R1_BGP_None_BEST_igpMetric" : "0",
        "SLICE-R1_R1_BGP_None_BEST_metric" : "0",
        "SLICE-R1_R1_BGP_None_BEST_permitted" : "false",
        "SLICE-R1_R1_BGP_None_BEST_prefixLength" : "0",
        "SLICE-R1_R1_BGP_Serial1_EXPORT_bgpInternal" : "false",
        "SLICE-R1_R1_BGP_Serial1_EXPORT_metric" : "0",
        "SLICE-R1_R1_BGP_Serial1_EXPORT_permitted" : "false",
        "SLICE-R1_R1_BGP_Serial1_EXPORT_prefixLength" : "0",
        "SLICE-R1_R1_BGP_Serial1_IMPORT_bgpInternal" : "false",
        "SLICE-R1_R1_BGP_Serial1_IMPORT_choice" : "false",
        "SLICE-R1_R1_BGP_Serial1_IMPORT_metric" : "0",
        "SLICE-R1_R1_BGP_Serial1_IMPORT_permitted" : "false",
        "SLICE-R1_R1_BGP_Serial1_IMPORT_prefixLength" : "0",
        "SLICE-R1_R1_BGP_iBGP-R2_EXPORT_bgpInternal" : "false",
        "SLICE-R1_R1_BGP_iBGP-R2_EXPORT_metric" : "0",
        "SLICE-R1_R1_BGP_iBGP-R2_EXPORT_permitted" : "false",
        "SLICE-R1_R1_BGP_iBGP-R2_EXPORT_prefixLength" : "0",
        "SLICE-R1_R1_BGP_iBGP-R2_IMPORT_bgpInternal" : "false",
        "SLICE-R1_R1_BGP_iBGP-R2_IMPORT_choice" : "false",
        "SLICE-R1_R1_BGP_iBGP-R2_IMPORT_igpMetric" : "0",
        "SLICE-R1_R1_BGP_iBGP-R2_IMPORT_metric" : "0",
        "SLICE-R1_R1_BGP_iBGP-R2_IMPORT_permitted" : "false",
        "SLICE-R1_R1_BGP_iBGP-R2_IMPORT_prefixLength" : "0",
        "SLICE-R1_R1_CONNECTED_Loopback0_IMPORT_choice" : "true",
        "SLICE-R1_R1_CONNECTED_Loopback0_IMPORT_permitted" : "true",
        "SLICE-R1_R1_CONNECTED_Loopback0_IMPORT_prefixLength" : "32",
        "SLICE-R1_R1_CONNECTED_None_BEST_history" : "1",
        "SLICE-R1_R1_CONNECTED_None_BEST_permitted" : "true",
        "SLICE-R1_R1_CONNECTED_None_BEST_prefixLength" : "32",
        "SLICE-R1_R1_CONNECTED_Serial0_IMPORT_choice" : "false",
        "SLICE-R1_R1_CONNECTED_Serial0_IMPORT_permitted" : "false",
        "SLICE-R1_R1_CONNECTED_Serial0_IMPORT_prefixLength" : "0",
        "SLICE-R1_R1_CONNECTED_Serial1_IMPORT_choice" : "false",
        "SLICE-R1_R1_CONNECTED_Serial1_IMPORT_permitted" : "false",
        "SLICE-R1_R1_CONNECTED_Serial1_IMPORT_prefixLength" : "0",
        "SLICE-R1_R1_CONNECTED__SINGLE-EXPORT_permitted" : "false",
        "SLICE-R1_R1_CONNECTED__SINGLE-EXPORT_prefixLength" : "0",
        "SLICE-R1_R1_OVERALL_None_BEST_adminDist" : "0",
        "SLICE-R1_R1_OVERALL_None_BEST_bgpInternal" : "true",
        "SLICE-R1_R1_OVERALL_None_BEST_history" : "1",
        "SLICE-R1_R1_OVERALL_None_BEST_igpMetric" : "0",
        "SLICE-R1_R1_OVERALL_None_BEST_metric" : "0",
        "SLICE-R1_R1_OVERALL_None_BEST_permitted" : "true",
        "SLICE-R1_R1_OVERALL_None_BEST_prefixLength" : "32",
        "SLICE-R1_R2_BGP_None_BEST_bgpInternal" : "false",
        "SLICE-R1_R2_BGP_None_BEST_history" : "0",
        "SLICE-R1_R2_BGP_None_BEST_igpMetric" : "0",
        "SLICE-R1_R2_BGP_None_BEST_metric" : "0",
        "SLICE-R1_R2_BGP_None_BEST_permitted" : "false",
        "SLICE-R1_R2_BGP_None_BEST_prefixLength" : "0",
        "SLICE-R1_R2_BGP_Serial1_EXPORT_bgpInternal" : "false",
        "SLICE-R1_R2_BGP_Serial1_EXPORT_metric" : "0",
        "SLICE-R1_R2_BGP_Serial1_EXPORT_permitted" : "false",
        "SLICE-R1_R2_BGP_Serial1_EXPORT_prefixLength" : "0",
        "SLICE-R1_R2_BGP_Serial1_IMPORT_choice" : "false",
        "SLICE-R1_R2_BGP_iBGP-R1_EXPORT_bgpInternal" : "false",
        "SLICE-R1_R2_BGP_iBGP-R1_EXPORT_metric" : "0",
        "SLICE-R1_R2_BGP_iBGP-R1_EXPORT_permitted" : "false",
        "SLICE-R1_R2_BGP_iBGP-R1_EXPORT_prefixLength" : "0",
        "SLICE-R1_R2_BGP_iBGP-R1_IMPORT_bgpInternal" : "false",
        "SLICE-R1_R2_BGP_iBGP-R1_IMPORT_choice" : "false",
        "SLICE-R1_R2_BGP_iBGP-R1_IMPORT_igpMetric" : "0",
        "SLICE-R1_R2_BGP_iBGP-R1_IMPORT_metric" : "0",
        "SLICE-R1_R2_BGP_iBGP-R1_IMPORT_permitted" : "false",
        "SLICE-R1_R2_BGP_iBGP-R1_IMPORT_prefixLength" : "0",
        "SLICE-R1_R2_OVERALL_None_BEST_adminDist" : "1",
        "SLICE-R1_R2_OVERALL_None_BEST_bgpInternal" : "true",
        "SLICE-R1_R2_OVERALL_None_BEST_history" : "1",
        "SLICE-R1_R2_OVERALL_None_BEST_igpMetric" : "0",
        "SLICE-R1_R2_OVERALL_None_BEST_metric" : "0",
        "SLICE-R1_R2_OVERALL_None_BEST_permitted" : "true",
        "SLICE-R1_R2_OVERALL_None_BEST_prefixLength" : "32",
        "SLICE-R1_R2_STATIC_None_BEST_history" : "1",
        "SLICE-R1_R2_STATIC_None_BEST_permitted" : "true",
        "SLICE-R1_R2_STATIC_None_BEST_prefixLength" : "32",
        "SLICE-R1_R2_STATIC_Serial0_IMPORT_choice" : "true",
        "SLICE-R1_R2_STATIC_Serial0_IMPORT_permitted" : "true",
        "SLICE-R1_R2_STATIC_Serial0_IMPORT_prefixLength" : "32",
        "SLICE-R1_R2_STATIC__SINGLE-EXPORT_permitted" : "false",
        "SLICE-R1_R2_STATIC__SINGLE-EXPORT_prefixLength" : "0",
        "SLICE-R1_R3_BGP_Serial1_EXPORT_bgpInternal" : "false",
        "SLICE-R1_R3_BGP_Serial1_EXPORT_metric" : "0",
        "SLICE-R1_R3_BGP_Serial1_EXPORT_permitted" : "false",
        "SLICE-R1_R3_BGP_Serial1_EXPORT_prefixLength" : "0",
        "SLICE-R1_R3_BGP_Serial1_IMPORT_choice" : "false",
        "SLICE-R1_R3_BGP_iBGP-R4_EXPORT_bgpInternal" : "false",
        "SLICE-R1_R3_BGP_iBGP-R4_EXPORT_metric" : "0",
        "SLICE-R1_R3_BGP_iBGP-R4_EXPORT_permitted" : "false",
        "SLICE-R1_R3_BGP_iBGP-R4_EXPORT_prefixLength" : "0",
        "SLICE-R1_R3_BGP_iBGP-R4_IMPORT_bgpInternal" : "false",
        "SLICE-R1_R3_BGP_iBGP-R4_IMPORT_choice" : "false",
        "SLICE-R1_R3_BGP_iBGP-R4_IMPORT_igpMetric" : "0",
        "SLICE-R1_R3_BGP_iBGP-R4_IMPORT_metric" : "0",
        "SLICE-R1_R3_BGP_iBGP-R4_IMPORT_permitted" : "false",
        "SLICE-R1_R3_BGP_iBGP-R4_IMPORT_prefixLength" : "0",
        "SLICE-R1_R3_OVERALL_None_BEST_bgpInternal" : "false",
        "SLICE-R1_R3_OVERALL_None_BEST_igpMetric" : "0",
        "SLICE-R1_R3_OVERALL_None_BEST_metric" : "0",
        "SLICE-R1_R3_OVERALL_None_BEST_permitted" : "false",
        "SLICE-R1_R3_OVERALL_None_BEST_prefixLength" : "0",
        "SLICE-R1_R4_BGP_iBGP-R3_EXPORT_bgpInternal" : "false",
        "SLICE-R1_R4_BGP_iBGP-R3_EXPORT_metric" : "0",
        "SLICE-R1_R4_BGP_iBGP-R3_EXPORT_permitted" : "false",
        "SLICE-R1_R4_BGP_iBGP-R3_EXPORT_prefixLength" : "0",
        "SLICE-R1_R4_BGP_iBGP-R3_IMPORT_bgpInternal" : "false",
        "SLICE-R1_R4_BGP_iBGP-R3_IMPORT_choice" : "false",
        "SLICE-R1_R4_BGP_iBGP-R3_IMPORT_igpMetric" : "0",
        "SLICE-R1_R4_BGP_iBGP-R3_IMPORT_metric" : "0",
        "SLICE-R1_R4_BGP_iBGP-R3_IMPORT_permitted" : "false",
        "SLICE-R1_R4_BGP_iBGP-R3_IMPORT_prefixLength" : "0",
        "SLICE-R1_R4_OVERALL_None_BEST_bgpInternal" : "false",
        "SLICE-R1_R4_OVERALL_None_BEST_igpMetric" : "0",
        "SLICE-R1_R4_OVERALL_None_BEST_metric" : "0",
        "SLICE-R1_R4_OVERALL_None_BEST_permitted" : "false",
        "SLICE-R1_R4_OVERALL_None_BEST_prefixLength" : "0",
        "SLICE-R1_dst-ip0" : "16843009",
        "SLICE-R1_dst-port0" : "179",
        "SLICE-R1_icmp-code0" : "0",
        "SLICE-R1_icmp-type0" : "0",
        "SLICE-R1_ip-protocol0" : "6",
        "SLICE-R1_reachable_R1" : "true",
        "SLICE-R1_reachable_R2" : "true",
        "SLICE-R1_reachable_R3" : "true",
        "SLICE-R1_reachable_R4" : "true",
        "SLICE-R1_src-ip0" : "0",
        "SLICE-R1_src-port0" : "0",
        "SLICE-R2_CONTROL-FORWARDING_R1_Loopback0" : "false",
        "SLICE-R2_CONTROL-FORWARDING_R1_Serial0" : "true",
        "SLICE-R2_CONTROL-FORWARDING_R1_Serial1" : "false",
        "SLICE-R2_CONTROL-FORWARDING_R1_iBGP-R2" : "false",
        "SLICE-R2_CONTROL-FORWARDING_R2_Loopback0" : "true",
        "SLICE-R2_CONTROL-FORWARDING_R2_Serial0" : "false",
        "SLICE-R2_CONTROL-FORWARDING_R2_Serial1" : "false",
        "SLICE-R2_CONTROL-FORWARDING_R2_iBGP-R1" : "false",
        "SLICE-R2_CONTROL-FORWARDING_R3_Loopback0" : "false",
        "SLICE-R2_CONTROL-FORWARDING_R3_Serial0" : "false",
        "SLICE-R2_CONTROL-FORWARDING_R3_Serial1" : "false",
        "SLICE-R2_CONTROL-FORWARDING_R3_iBGP-R4" : "false",
        "SLICE-R2_CONTROL-FORWARDING_R4_Loopback0" : "false",
        "SLICE-R2_CONTROL-FORWARDING_R4_Serial0" : "false",
        "SLICE-R2_CONTROL-FORWARDING_R4_Serial1" : "false",
        "SLICE-R2_CONTROL-FORWARDING_R4_iBGP-R3" : "false",
        "SLICE-R2_DATA-FORWARDING_R1_Loopback0" : "false",
        "SLICE-R2_DATA-FORWARDING_R1_Serial0" : "true",
        "SLICE-R2_DATA-FORWARDING_R1_Serial1" : "false",
        "SLICE-R2_DATA-FORWARDING_R2_Loopback0" : "true",
        "SLICE-R2_DATA-FORWARDING_R2_Serial0" : "false",
        "SLICE-R2_DATA-FORWARDING_R2_Serial1" : "false",
        "SLICE-R2_DATA-FORWARDING_R3_Loopback0" : "false",
        "SLICE-R2_DATA-FORWARDING_R3_Serial0" : "false",
        "SLICE-R2_DATA-FORWARDING_R3_Serial1" : "false",
        "SLICE-R2_DATA-FORWARDING_R4_Loopback0" : "false",
        "SLICE-R2_DATA-FORWARDING_R4_Serial0" : "false",
        "SLICE-R2_DATA-FORWARDING_R4_Serial1" : "false",
        "SLICE-R2_R1_BGP_None_BEST_bgpInternal" : "false",
        "SLICE-R2_R1_BGP_None_BEST_history" : "0",
        "SLICE-R2_R1_BGP_None_BEST_igpMetric" : "0",
        "SLICE-R2_R1_BGP_None_BEST_metric" : "0",
        "SLICE-R2_R1_BGP_None_BEST_permitted" : "false",
        "SLICE-R2_R1_BGP_None_BEST_prefixLength" : "0",
        "SLICE-R2_R1_BGP_Serial1_EXPORT_bgpInternal" : "false",
        "SLICE-R2_R1_BGP_Serial1_EXPORT_metric" : "0",
        "SLICE-R2_R1_BGP_Serial1_EXPORT_permitted" : "false",
        "SLICE-R2_R1_BGP_Serial1_EXPORT_prefixLength" : "0",
        "SLICE-R2_R1_BGP_Serial1_IMPORT_bgpInternal" : "false",
        "SLICE-R2_R1_BGP_Serial1_IMPORT_choice" : "false",
        "SLICE-R2_R1_BGP_Serial1_IMPORT_metric" : "0",
        "SLICE-R2_R1_BGP_Serial1_IMPORT_permitted" : "false",
        "SLICE-R2_R1_BGP_Serial1_IMPORT_prefixLength" : "0",
        "SLICE-R2_R1_BGP_iBGP-R2_EXPORT_bgpInternal" : "false",
        "SLICE-R2_R1_BGP_iBGP-R2_EXPORT_metric" : "0",
        "SLICE-R2_R1_BGP_iBGP-R2_EXPORT_permitted" : "false",
        "SLICE-R2_R1_BGP_iBGP-R2_EXPORT_prefixLength" : "0",
        "SLICE-R2_R1_BGP_iBGP-R2_IMPORT_bgpInternal" : "false",
        "SLICE-R2_R1_BGP_iBGP-R2_IMPORT_choice" : "false",
        "SLICE-R2_R1_BGP_iBGP-R2_IMPORT_igpMetric" : "0",
        "SLICE-R2_R1_BGP_iBGP-R2_IMPORT_metric" : "0",
        "SLICE-R2_R1_BGP_iBGP-R2_IMPORT_permitted" : "false",
        "SLICE-R2_R1_BGP_iBGP-R2_IMPORT_prefixLength" : "0",
        "SLICE-R2_R1_OVERALL_None_BEST_adminDist" : "1",
        "SLICE-R2_R1_OVERALL_None_BEST_bgpInternal" : "true",
        "SLICE-R2_R1_OVERALL_None_BEST_history" : "1",
        "SLICE-R2_R1_OVERALL_None_BEST_igpMetric" : "0",
        "SLICE-R2_R1_OVERALL_None_BEST_metric" : "0",
        "SLICE-R2_R1_OVERALL_None_BEST_permitted" : "true",
        "SLICE-R2_R1_OVERALL_None_BEST_prefixLength" : "32",
        "SLICE-R2_R1_STATIC_None_BEST_history" : "1",
        "SLICE-R2_R1_STATIC_None_BEST_permitted" : "true",
        "SLICE-R2_R1_STATIC_None_BEST_prefixLength" : "32",
        "SLICE-R2_R1_STATIC_Serial0_IMPORT_choice" : "true",
        "SLICE-R2_R1_STATIC_Serial0_IMPORT_permitted" : "true",
        "SLICE-R2_R1_STATIC_Serial0_IMPORT_prefixLength" : "32",
        "SLICE-R2_R1_STATIC__SINGLE-EXPORT_permitted" : "false",
        "SLICE-R2_R1_STATIC__SINGLE-EXPORT_prefixLength" : "0",
        "SLICE-R2_R2_BGP_None_BEST_bgpInternal" : "false",
        "SLICE-R2_R2_BGP_None_BEST_history" : "0",
        "SLICE-R2_R2_BGP_None_BEST_igpMetric" : "0",
        "SLICE-R2_R2_BGP_None_BEST_metric" : "0",
        "SLICE-R2_R2_BGP_None_BEST_permitted" : "false",
        "SLICE-R2_R2_BGP_None_BEST_prefixLength" : "0",
        "SLICE-R2_R2_BGP_Serial1_EXPORT_bgpInternal" : "false",
        "SLICE-R2_R2_BGP_Serial1_EXPORT_metric" : "0",
        "SLICE-R2_R2_BGP_Serial1_EXPORT_permitted" : "false",
        "SLICE-R2_R2_BGP_Serial1_EXPORT_prefixLength" : "0",
        "SLICE-R2_R2_BGP_Serial1_IMPORT_choice" : "false",
        "SLICE-R2_R2_BGP_iBGP-R1_EXPORT_bgpInternal" : "false",
        "SLICE-R2_R2_BGP_iBGP-R1_EXPORT_metric" : "0",
        "SLICE-R2_R2_BGP_iBGP-R1_EXPORT_permitted" : "false",
        "SLICE-R2_R2_BGP_iBGP-R1_EXPORT_prefixLength" : "0",
        "SLICE-R2_R2_BGP_iBGP-R1_IMPORT_bgpInternal" : "false",
        "SLICE-R2_R2_BGP_iBGP-R1_IMPORT_choice" : "false",
        "SLICE-R2_R2_BGP_iBGP-R1_IMPORT_igpMetric" : "0",
        "SLICE-R2_R2_BGP_iBGP-R1_IMPORT_metric" : "0",
        "SLICE-R2_R2_BGP_iBGP-R1_IMPORT_permitted" : "false",
        "SLICE-R2_R2_BGP_iBGP-R1_IMPORT_prefixLength" : "0",
        "SLICE-R2_R2_CONNECTED_Loopback0_IMPORT_choice" : "true",
        "SLICE-R2_R2_CONNECTED_Loopback0_IMPORT_permitted" : "true",
        "SLICE-R2_R2_CONNECTED_Loopback0_IMPORT_prefixLength" : "32",
        "SLICE-R2_R2_CONNECTED_None_BEST_history" : "1",
        "SLICE-R2_R2_CONNECTED_None_BEST_permitted" : "true",
        "SLICE-R2_R2_CONNECTED_None_BEST_prefixLength" : "32",
        "SLICE-R2_R2_CONNECTED_Serial0_IMPORT_choice" : "false",
        "SLICE-R2_R2_CONNECTED_Serial0_IMPORT_permitted" : "false",
        "SLICE-R2_R2_CONNECTED_Serial0_IMPORT_prefixLength" : "0",
        "SLICE-R2_R2_CONNECTED_Serial1_IMPORT_choice" : "false",
        "SLICE-R2_R2_CONNECTED_Serial1_IMPORT_permitted" : "false",
        "SLICE-R2_R2_CONNECTED_Serial1_IMPORT_prefixLength" : "0",
        "SLICE-R2_R2_CONNECTED__SINGLE-EXPORT_permitted" : "false",
        "SLICE-R2_R2_CONNECTED__SINGLE-EXPORT_prefixLength" : "0",
        "SLICE-R2_R2_OVERALL_None_BEST_adminDist" : "0",
        "SLICE-R2_R2_OVERALL_None_BEST_bgpInternal" : "true",
        "SLICE-R2_R2_OVERALL_None_BEST_history" : "1",
        "SLICE-R2_R2_OVERALL_None_BEST_igpMetric" : "0",
        "SLICE-R2_R2_OVERALL_None_BEST_metric" : "0",
        "SLICE-R2_R2_OVERALL_None_BEST_permitted" : "true",
        "SLICE-R2_R2_OVERALL_None_BEST_prefixLength" : "32",
        "SLICE-R2_R3_BGP_Serial1_EXPORT_bgpInternal" : "false",
        "SLICE-R2_R3_BGP_Serial1_EXPORT_metric" : "0",
        "SLICE-R2_R3_BGP_Serial1_EXPORT_permitted" : "false",
        "SLICE-R2_R3_BGP_Serial1_EXPORT_prefixLength" : "0",
        "SLICE-R2_R3_BGP_Serial1_IMPORT_choice" : "false",
        "SLICE-R2_R3_BGP_iBGP-R4_EXPORT_bgpInternal" : "false",
        "SLICE-R2_R3_BGP_iBGP-R4_EXPORT_metric" : "0",
        "SLICE-R2_R3_BGP_iBGP-R4_EXPORT_permitted" : "false",
        "SLICE-R2_R3_BGP_iBGP-R4_EXPORT_prefixLength" : "0",
        "SLICE-R2_R3_BGP_iBGP-R4_IMPORT_bgpInternal" : "false",
        "SLICE-R2_R3_BGP_iBGP-R4_IMPORT_choice" : "false",
        "SLICE-R2_R3_BGP_iBGP-R4_IMPORT_igpMetric" : "0",
        "SLICE-R2_R3_BGP_iBGP-R4_IMPORT_metric" : "0",
        "SLICE-R2_R3_BGP_iBGP-R4_IMPORT_permitted" : "false",
        "SLICE-R2_R3_BGP_iBGP-R4_IMPORT_prefixLength" : "0",
        "SLICE-R2_R3_OVERALL_None_BEST_bgpInternal" : "false",
        "SLICE-R2_R3_OVERALL_None_BEST_igpMetric" : "0",
        "SLICE-R2_R3_OVERALL_None_BEST_metric" : "0",
        "SLICE-R2_R3_OVERALL_None_BEST_permitted" : "false",
        "SLICE-R2_R3_OVERALL_None_BEST_prefixLength" : "0",
        "SLICE-R2_R4_BGP_iBGP-R3_EXPORT_bgpInternal" : "false",
        "SLICE-R2_R4_BGP_iBGP-R3_EXPORT_metric" : "0",
        "SLICE-R2_R4_BGP_iBGP-R3_EXPORT_permitted" : "false",
        "SLICE-R2_R4_BGP_iBGP-R3_EXPORT_prefixLength" : "0",
        "SLICE-R2_R4_BGP_iBGP-R3_IMPORT_bgpInternal" : "false",
        "SLICE-R2_R4_BGP_iBGP-R3_IMPORT_choice" : "false",
        "SLICE-R2_R4_BGP_iBGP-R3_IMPORT_igpMetric" : "0",
        "SLICE-R2_R4_BGP_iBGP-R3_IMPORT_metric" : "0",
        "SLICE-R2_R4_BGP_iBGP-R3_IMPORT_permitted" : "false",
        "SLICE-R2_R4_BGP_iBGP-R3_IMPORT_prefixLength" : "0",
        "SLICE-R2_R4_OVERALL_None_BEST_bgpInternal" : "false",
        "SLICE-R2_R4_OVERALL_None_BEST_igpMetric" : "0",
        "SLICE-R2_R4_OVERALL_None_BEST_metric" : "0",
        "SLICE-R2_R4_OVERALL_None_BEST_permitted" : "false",
        "SLICE-R2_R4_OVERALL_None_BEST_prefixLength" : "0",
        "SLICE-R2_dst-ip0" : "33686018",
        "SLICE-R2_dst-port0" : "179",
        "SLICE-R2_icmp-code0" : "0",
        "SLICE-R2_icmp-type0" : "0",
        "SLICE-R2_ip-protocol0" : "6",
        "SLICE-R2_reachable_R1" : "true",
        "SLICE-R2_reachable_R2" : "true",
        "SLICE-R2_reachable_R3" : "false",
        "SLICE-R2_reachable_R4" : "false",
        "SLICE-R2_src-ip0" : "0",
        "SLICE-R2_src-port0" : "0",
        "SLICE-R3_CONTROL-FORWARDING_R1_Loopback0" : "false",
        "SLICE-R3_CONTROL-FORWARDING_R1_Serial0" : "true",
        "SLICE-R3_CONTROL-FORWARDING_R1_Serial1" : "false",
        "SLICE-R3_CONTROL-FORWARDING_R1_iBGP-R2" : "false",
        "SLICE-R3_CONTROL-FORWARDING_R2_Loopback0" : "false",
        "SLICE-R3_CONTROL-FORWARDING_R2_Serial0" : "true",
        "SLICE-R3_CONTROL-FORWARDING_R2_Serial1" : "false",
        "SLICE-R3_CONTROL-FORWARDING_R2_iBGP-R1" : "false",
        "SLICE-R3_CONTROL-FORWARDING_R3_Loopback0" : "true",
        "SLICE-R3_CONTROL-FORWARDING_R3_Serial0" : "false",
        "SLICE-R3_CONTROL-FORWARDING_R3_Serial1" : "false",
        "SLICE-R3_CONTROL-FORWARDING_R3_iBGP-R4" : "false",
        "SLICE-R3_CONTROL-FORWARDING_R4_Loopback0" : "false",
        "SLICE-R3_CONTROL-FORWARDING_R4_Serial0" : "true",
        "SLICE-R3_CONTROL-FORWARDING_R4_Serial1" : "false",
        "SLICE-R3_CONTROL-FORWARDING_R4_iBGP-R3" : "false",
        "SLICE-R3_DATA-FORWARDING_R1_Loopback0" : "false",
        "SLICE-R3_DATA-FORWARDING_R1_Serial0" : "true",
        "SLICE-R3_DATA-FORWARDING_R1_Serial1" : "false",
        "SLICE-R3_DATA-FORWARDING_R2_Loopback0" : "false",
        "SLICE-R3_DATA-FORWARDING_R2_Serial0" : "true",
        "SLICE-R3_DATA-FORWARDING_R2_Serial1" : "false",
        "SLICE-R3_DATA-FORWARDING_R3_Loopback0" : "true",
        "SLICE-R3_DATA-FORWARDING_R3_Serial0" : "false",
        "SLICE-R3_DATA-FORWARDING_R3_Serial1" : "false",
        "SLICE-R3_DATA-FORWARDING_R4_Loopback0" : "false",
        "SLICE-R3_DATA-FORWARDING_R4_Serial0" : "true",
        "SLICE-R3_DATA-FORWARDING_R4_Serial1" : "false",
        "SLICE-R3_R1_BGP_Serial1_EXPORT_bgpInternal" : "false",
        "SLICE-R3_R1_BGP_Serial1_EXPORT_metric" : "0",
        "SLICE-R3_R1_BGP_Serial1_EXPORT_permitted" : "false",
        "SLICE-R3_R1_BGP_Serial1_EXPORT_prefixLength" : "0",
        "SLICE-R3_R1_BGP_Serial1_IMPORT_bgpInternal" : "false",
        "SLICE-R3_R1_BGP_Serial1_IMPORT_choice" : "false",
        "SLICE-R3_R1_BGP_Serial1_IMPORT_metric" : "0",
        "SLICE-R3_R1_BGP_Serial1_IMPORT_permitted" : "false",
        "SLICE-R3_R1_BGP_Serial1_IMPORT_prefixLength" : "0",
        "SLICE-R3_R1_BGP_iBGP-R2_EXPORT_bgpInternal" : "false",
        "SLICE-R3_R1_BGP_iBGP-R2_EXPORT_metric" : "0",
        "SLICE-R3_R1_BGP_iBGP-R2_EXPORT_permitted" : "false",
        "SLICE-R3_R1_BGP_iBGP-R2_EXPORT_prefixLength" : "0",
        "SLICE-R3_R1_BGP_iBGP-R2_IMPORT_bgpInternal" : "false",
        "SLICE-R3_R1_BGP_iBGP-R2_IMPORT_choice" : "false",
        "SLICE-R3_R1_BGP_iBGP-R2_IMPORT_igpMetric" : "0",
        "SLICE-R3_R1_BGP_iBGP-R2_IMPORT_metric" : "0",
        "SLICE-R3_R1_BGP_iBGP-R2_IMPORT_permitted" : "false",
        "SLICE-R3_R1_BGP_iBGP-R2_IMPORT_prefixLength" : "0",
        "SLICE-R3_R1_OVERALL_None_BEST_bgpInternal" : "false",
        "SLICE-R3_R1_OVERALL_None_BEST_igpMetric" : "0",
        "SLICE-R3_R1_OVERALL_None_BEST_metric" : "0",
        "SLICE-R3_R1_OVERALL_None_BEST_permitted" : "false",
        "SLICE-R3_R1_OVERALL_None_BEST_prefixLength" : "0",
        "SLICE-R3_R2_BGP_Serial1_EXPORT_bgpInternal" : "false",
        "SLICE-R3_R2_BGP_Serial1_EXPORT_metric" : "0",
        "SLICE-R3_R2_BGP_Serial1_EXPORT_permitted" : "false",
        "SLICE-R3_R2_BGP_Serial1_EXPORT_prefixLength" : "0",
        "SLICE-R3_R2_BGP_Serial1_IMPORT_choice" : "false",
        "SLICE-R3_R2_BGP_iBGP-R1_EXPORT_bgpInternal" : "false",
        "SLICE-R3_R2_BGP_iBGP-R1_EXPORT_metric" : "0",
        "SLICE-R3_R2_BGP_iBGP-R1_EXPORT_permitted" : "false",
        "SLICE-R3_R2_BGP_iBGP-R1_EXPORT_prefixLength" : "0",
        "SLICE-R3_R2_BGP_iBGP-R1_IMPORT_bgpInternal" : "false",
        "SLICE-R3_R2_BGP_iBGP-R1_IMPORT_choice" : "false",
        "SLICE-R3_R2_BGP_iBGP-R1_IMPORT_igpMetric" : "0",
        "SLICE-R3_R2_BGP_iBGP-R1_IMPORT_metric" : "0",
        "SLICE-R3_R2_BGP_iBGP-R1_IMPORT_permitted" : "false",
        "SLICE-R3_R2_BGP_iBGP-R1_IMPORT_prefixLength" : "0",
        "SLICE-R3_R2_OVERALL_None_BEST_bgpInternal" : "false",
        "SLICE-R3_R2_OVERALL_None_BEST_igpMetric" : "0",
        "SLICE-R3_R2_OVERALL_None_BEST_metric" : "0",
        "SLICE-R3_R2_OVERALL_None_BEST_permitted" : "false",
        "SLICE-R3_R2_OVERALL_None_BEST_prefixLength" : "0",
        "SLICE-R3_R3_BGP_None_BEST_bgpInternal" : "false",
        "SLICE-R3_R3_BGP_None_BEST_history" : "0",
        "SLICE-R3_R3_BGP_None_BEST_igpMetric" : "0",
        "SLICE-R3_R3_BGP_None_BEST_metric" : "0",
        "SLICE-R3_R3_BGP_None_BEST_permitted" : "false",
        "SLICE-R3_R3_BGP_None_BEST_prefixLength" : "0",
        "SLICE-R3_R3_BGP_Serial1_EXPORT_bgpInternal" : "false",
        "SLICE-R3_R3_BGP_Serial1_EXPORT_metric" : "0",
        "SLICE-R3_R3_BGP_Serial1_EXPORT_permitted" : "false",
        "SLICE-R3_R3_BGP_Serial1_EXPORT_prefixLength" : "0",
        "SLICE-R3_R3_BGP_Serial1_IMPORT_choice" : "false",
        "SLICE-R3_R3_BGP_iBGP-R4_EXPORT_bgpInternal" : "false",
        "SLICE-R3_R3_BGP_iBGP-R4_EXPORT_metric" : "0",
        "SLICE-R3_R3_BGP_iBGP-R4_EXPORT_permitted" : "false",
        "SLICE-R3_R3_BGP_iBGP-R4_EXPORT_prefixLength" : "0",
        "SLICE-R3_R3_BGP_iBGP-R4_IMPORT_bgpInternal" : "false",
        "SLICE-R3_R3_BGP_iBGP-R4_IMPORT_choice" : "false",
        "SLICE-R3_R3_BGP_iBGP-R4_IMPORT_igpMetric" : "0",
        "SLICE-R3_R3_BGP_iBGP-R4_IMPORT_metric" : "0",
        "SLICE-R3_R3_BGP_iBGP-R4_IMPORT_permitted" : "false",
        "SLICE-R3_R3_BGP_iBGP-R4_IMPORT_prefixLength" : "0",
        "SLICE-R3_R3_CONNECTED_Loopback0_IMPORT_choice" : "true",
        "SLICE-R3_R3_CONNECTED_Loopback0_IMPORT_permitted" : "true",
        "SLICE-R3_R3_CONNECTED_Loopback0_IMPORT_prefixLength" : "32",
        "SLICE-R3_R3_CONNECTED_None_BEST_history" : "1",
        "SLICE-R3_R3_CONNECTED_None_BEST_permitted" : "true",
        "SLICE-R3_R3_CONNECTED_None_BEST_prefixLength" : "32",
        "SLICE-R3_R3_CONNECTED_Serial0_IMPORT_choice" : "false",
        "SLICE-R3_R3_CONNECTED_Serial0_IMPORT_permitted" : "false",
        "SLICE-R3_R3_CONNECTED_Serial0_IMPORT_prefixLength" : "0",
        "SLICE-R3_R3_CONNECTED_Serial1_IMPORT_choice" : "false",
        "SLICE-R3_R3_CONNECTED_Serial1_IMPORT_permitted" : "false",
        "SLICE-R3_R3_CONNECTED_Serial1_IMPORT_prefixLength" : "0",
        "SLICE-R3_R3_CONNECTED__SINGLE-EXPORT_permitted" : "false",
        "SLICE-R3_R3_CONNECTED__SINGLE-EXPORT_prefixLength" : "0",
        "SLICE-R3_R3_OVERALL_None_BEST_adminDist" : "0",
        "SLICE-R3_R3_OVERALL_None_BEST_bgpInternal" : "true",
        "SLICE-R3_R3_OVERALL_None_BEST_history" : "1",
        "SLICE-R3_R3_OVERALL_None_BEST_igpMetric" : "0",
        "SLICE-R3_R3_OVERALL_None_BEST_metric" : "0",
        "SLICE-R3_R3_OVERALL_None_BEST_permitted" : "true",
        "SLICE-R3_R3_OVERALL_None_BEST_prefixLength" : "32",
        "SLICE-R3_R4_BGP_None_BEST_bgpInternal" : "false",
        "SLICE-R3_R4_BGP_None_BEST_history" : "0",
        "SLICE-R3_R4_BGP_None_BEST_igpMetric" : "0",
        "SLICE-R3_R4_BGP_None_BEST_metric" : "0",
        "SLICE-R3_R4_BGP_None_BEST_permitted" : "false",
        "SLICE-R3_R4_BGP_None_BEST_prefixLength" : "0",
        "SLICE-R3_R4_BGP_iBGP-R3_EXPORT_bgpInternal" : "false",
        "SLICE-R3_R4_BGP_iBGP-R3_EXPORT_metric" : "0",
        "SLICE-R3_R4_BGP_iBGP-R3_EXPORT_permitted" : "false",
        "SLICE-R3_R4_BGP_iBGP-R3_EXPORT_prefixLength" : "0",
        "SLICE-R3_R4_BGP_iBGP-R3_IMPORT_bgpInternal" : "false",
        "SLICE-R3_R4_BGP_iBGP-R3_IMPORT_choice" : "false",
        "SLICE-R3_R4_BGP_iBGP-R3_IMPORT_igpMetric" : "0",
        "SLICE-R3_R4_BGP_iBGP-R3_IMPORT_metric" : "0",
        "SLICE-R3_R4_BGP_iBGP-R3_IMPORT_permitted" : "false",
        "SLICE-R3_R4_BGP_iBGP-R3_IMPORT_prefixLength" : "0",
        "SLICE-R3_R4_OVERALL_None_BEST_adminDist" : "1",
        "SLICE-R3_R4_OVERALL_None_BEST_bgpInternal" : "true",
        "SLICE-R3_R4_OVERALL_None_BEST_history" : "1",
        "SLICE-R3_R4_OVERALL_None_BEST_igpMetric" : "0",
        "SLICE-R3_R4_OVERALL_None_BEST_metric" : "0",
        "SLICE-R3_R4_OVERALL_None_BEST_permitted" : "true",
        "SLICE-R3_R4_OVERALL_None_BEST_prefixLength" : "32",
        "SLICE-R3_R4_STATIC_None_BEST_history" : "1",
        "SLICE-R3_R4_STATIC_None_BEST_permitted" : "true",
        "SLICE-R3_R4_STATIC_None_BEST_prefixLength" : "32",
        "SLICE-R3_R4_STATIC_Serial0_IMPORT_choice" : "true",
        "SLICE-R3_R4_STATIC_Serial0_IMPORT_permitted" : "true",
        "SLICE-R3_R4_STATIC_Serial0_IMPORT_prefixLength" : "32",
        "SLICE-R3_R4_STATIC__SINGLE-EXPORT_permitted" : "false",
        "SLICE-R3_R4_STATIC__SINGLE-EXPORT_prefixLength" : "0",
        "SLICE-R3_dst-ip0" : "50529027",
        "SLICE-R3_dst-port0" : "179",
        "SLICE-R3_icmp-code0" : "0",
        "SLICE-R3_icmp-type0" : "0",
        "SLICE-R3_ip-protocol0" : "6",
        "SLICE-R3_reachable_R1" : "true",
        "SLICE-R3_reachable_R2" : "true",
        "SLICE-R3_reachable_R3" : "true",
        "SLICE-R3_reachable_R4" : "true",
        "SLICE-R3_src-ip0" : "0",
        "SLICE-R3_src-port0" : "0",
        "SLICE-R4_CONTROL-FORWARDING_R1_Loopback0" : "false",
        "SLICE-R4_CONTROL-FORWARDING_R1_Serial0" : "false",
        "SLICE-R4_CONTROL-FORWARDING_R1_Serial1" : "false",
        "SLICE-R4_CONTROL-FORWARDING_R1_iBGP-R2" : "false",
        "SLICE-R4_CONTROL-FORWARDING_R2_Loopback0" : "false",
        "SLICE-R4_CONTROL-FORWARDING_R2_Serial0" : "false",
        "SLICE-R4_CONTROL-FORWARDING_R2_Serial1" : "false",
        "SLICE-R4_CONTROL-FORWARDING_R2_iBGP-R1" : "false",
        "SLICE-R4_CONTROL-FORWARDING_R3_Loopback0" : "false",
        "SLICE-R4_CONTROL-FORWARDING_R3_Serial0" : "true",
        "SLICE-R4_CONTROL-FORWARDING_R3_Serial1" : "false",
        "SLICE-R4_CONTROL-FORWARDING_R3_iBGP-R4" : "false",
        "SLICE-R4_CONTROL-FORWARDING_R4_Loopback0" : "true",
        "SLICE-R4_CONTROL-FORWARDING_R4_Serial0" : "false",
        "SLICE-R4_CONTROL-FORWARDING_R4_Serial1" : "false",
        "SLICE-R4_CONTROL-FORWARDING_R4_iBGP-R3" : "false",
        "SLICE-R4_DATA-FORWARDING_R1_Loopback0" : "false",
        "SLICE-R4_DATA-FORWARDING_R1_Serial0" : "false",
        "SLICE-R4_DATA-FORWARDING_R1_Serial1" : "false",
        "SLICE-R4_DATA-FORWARDING_R2_Loopback0" : "false",
        "SLICE-R4_DATA-FORWARDING_R2_Serial0" : "false",
        "SLICE-R4_DATA-FORWARDING_R2_Serial1" : "false",
        "SLICE-R4_DATA-FORWARDING_R3_Loopback0" : "false",
        "SLICE-R4_DATA-FORWARDING_R3_Serial0" : "true",
        "SLICE-R4_DATA-FORWARDING_R3_Serial1" : "false",
        "SLICE-R4_DATA-FORWARDING_R4_Loopback0" : "true",
        "SLICE-R4_DATA-FORWARDING_R4_Serial0" : "false",
        "SLICE-R4_DATA-FORWARDING_R4_Serial1" : "false",
        "SLICE-R4_R1_BGP_Serial1_EXPORT_bgpInternal" : "false",
        "SLICE-R4_R1_BGP_Serial1_EXPORT_metric" : "0",
        "SLICE-R4_R1_BGP_Serial1_EXPORT_permitted" : "false",
        "SLICE-R4_R1_BGP_Serial1_EXPORT_prefixLength" : "0",
        "SLICE-R4_R1_BGP_Serial1_IMPORT_bgpInternal" : "false",
        "SLICE-R4_R1_BGP_Serial1_IMPORT_choice" : "false",
        "SLICE-R4_R1_BGP_Serial1_IMPORT_metric" : "0",
        "SLICE-R4_R1_BGP_Serial1_IMPORT_permitted" : "false",
        "SLICE-R4_R1_BGP_Serial1_IMPORT_prefixLength" : "0",
        "SLICE-R4_R1_BGP_iBGP-R2_EXPORT_bgpInternal" : "false",
        "SLICE-R4_R1_BGP_iBGP-R2_EXPORT_metric" : "0",
        "SLICE-R4_R1_BGP_iBGP-R2_EXPORT_permitted" : "false",
        "SLICE-R4_R1_BGP_iBGP-R2_EXPORT_prefixLength" : "0",
        "SLICE-R4_R1_BGP_iBGP-R2_IMPORT_bgpInternal" : "false",
        "SLICE-R4_R1_BGP_iBGP-R2_IMPORT_choice" : "false",
        "SLICE-R4_R1_BGP_iBGP-R2_IMPORT_igpMetric" : "0",
        "SLICE-R4_R1_BGP_iBGP-R2_IMPORT_metric" : "0",
        "SLICE-R4_R1_BGP_iBGP-R2_IMPORT_permitted" : "false",
        "SLICE-R4_R1_BGP_iBGP-R2_IMPORT_prefixLength" : "0",
        "SLICE-R4_R1_OVERALL_None_BEST_bgpInternal" : "false",
        "SLICE-R4_R1_OVERALL_None_BEST_igpMetric" : "0",
        "SLICE-R4_R1_OVERALL_None_BEST_metric" : "0",
        "SLICE-R4_R1_OVERALL_None_BEST_permitted" : "false",
        "SLICE-R4_R1_OVERALL_None_BEST_prefixLength" : "0",
        "SLICE-R4_R2_BGP_Serial1_EXPORT_bgpInternal" : "false",
        "SLICE-R4_R2_BGP_Serial1_EXPORT_metric" : "0",
        "SLICE-R4_R2_BGP_Serial1_EXPORT_permitted" : "false",
        "SLICE-R4_R2_BGP_Serial1_EXPORT_prefixLength" : "0",
        "SLICE-R4_R2_BGP_Serial1_IMPORT_choice" : "false",
        "SLICE-R4_R2_BGP_iBGP-R1_EXPORT_bgpInternal" : "false",
        "SLICE-R4_R2_BGP_iBGP-R1_EXPORT_metric" : "0",
        "SLICE-R4_R2_BGP_iBGP-R1_EXPORT_permitted" : "false",
        "SLICE-R4_R2_BGP_iBGP-R1_EXPORT_prefixLength" : "0",
        "SLICE-R4_R2_BGP_iBGP-R1_IMPORT_bgpInternal" : "false",
        "SLICE-R4_R2_BGP_iBGP-R1_IMPORT_choice" : "false",
        "SLICE-R4_R2_BGP_iBGP-R1_IMPORT_igpMetric" : "0",
        "SLICE-R4_R2_BGP_iBGP-R1_IMPORT_metric" : "0",
        "SLICE-R4_R2_BGP_iBGP-R1_IMPORT_permitted" : "false",
        "SLICE-R4_R2_BGP_iBGP-R1_IMPORT_prefixLength" : "0",
        "SLICE-R4_R2_OVERALL_None_BEST_bgpInternal" : "false",
        "SLICE-R4_R2_OVERALL_None_BEST_igpMetric" : "0",
        "SLICE-R4_R2_OVERALL_None_BEST_metric" : "0",
        "SLICE-R4_R2_OVERALL_None_BEST_permitted" : "false",
        "SLICE-R4_R2_OVERALL_None_BEST_prefixLength" : "0",
        "SLICE-R4_R3_BGP_None_BEST_bgpInternal" : "false",
        "SLICE-R4_R3_BGP_None_BEST_history" : "0",
        "SLICE-R4_R3_BGP_None_BEST_igpMetric" : "0",
        "SLICE-R4_R3_BGP_None_BEST_metric" : "0",
        "SLICE-R4_R3_BGP_None_BEST_permitted" : "false",
        "SLICE-R4_R3_BGP_None_BEST_prefixLength" : "0",
        "SLICE-R4_R3_BGP_Serial1_EXPORT_bgpInternal" : "false",
        "SLICE-R4_R3_BGP_Serial1_EXPORT_metric" : "0",
        "SLICE-R4_R3_BGP_Serial1_EXPORT_permitted" : "false",
        "SLICE-R4_R3_BGP_Serial1_EXPORT_prefixLength" : "0",
        "SLICE-R4_R3_BGP_Serial1_IMPORT_choice" : "false",
        "SLICE-R4_R3_BGP_iBGP-R4_EXPORT_bgpInternal" : "false",
        "SLICE-R4_R3_BGP_iBGP-R4_EXPORT_metric" : "0",
        "SLICE-R4_R3_BGP_iBGP-R4_EXPORT_permitted" : "false",
        "SLICE-R4_R3_BGP_iBGP-R4_EXPORT_prefixLength" : "0",
        "SLICE-R4_R3_BGP_iBGP-R4_IMPORT_bgpInternal" : "false",
        "SLICE-R4_R3_BGP_iBGP-R4_IMPORT_choice" : "false",
        "SLICE-R4_R3_BGP_iBGP-R4_IMPORT_igpMetric" : "0",
        "SLICE-R4_R3_BGP_iBGP-R4_IMPORT_metric" : "0",
        "SLICE-R4_R3_BGP_iBGP-R4_IMPORT_permitted" : "false",
        "SLICE-R4_R3_BGP_iBGP-R4_IMPORT_prefixLength" : "0",
        "SLICE-R4_R3_OVERALL_None_BEST_adminDist" : "1",
        "SLICE-R4_R3_OVERALL_None_BEST_bgpInternal" : "true",
        "SLICE-R4_R3_OVERALL_None_BEST_history" : "1",
        "SLICE-R4_R3_OVERALL_None_BEST_igpMetric" : "0",
        "SLICE-R4_R3_OVERALL_None_BEST_metric" : "0",
        "SLICE-R4_R3_OVERALL_None_BEST_permitted" : "true",
        "SLICE-R4_R3_OVERALL_None_BEST_prefixLength" : "32",
        "SLICE-R4_R3_STATIC_None_BEST_history" : "1",
        "SLICE-R4_R3_STATIC_None_BEST_permitted" : "true",
        "SLICE-R4_R3_STATIC_None_BEST_prefixLength" : "32",
        "SLICE-R4_R3_STATIC_Serial0_IMPORT_choice" : "true",
        "SLICE-R4_R3_STATIC_Serial0_IMPORT_permitted" : "true",
        "SLICE-R4_R3_STATIC_Serial0_IMPORT_prefixLength" : "32",
        "SLICE-R4_R3_STATIC__SINGLE-EXPORT_permitted" : "false",
        "SLICE-R4_R3_STATIC__SINGLE-EXPORT_prefixLength" : "0",
        "SLICE-R4_R4_BGP_None_BEST_bgpInternal" : "false",
        "SLICE-R4_R4_BGP_None_BEST_history" : "0",
        "SLICE-R4_R4_BGP_None_BEST_igpMetric" : "0",
        "SLICE-R4_R4_BGP_None_BEST_metric" : "0",
        "SLICE-R4_R4_BGP_None_BEST_permitted" : "false",
        "SLICE-R4_R4_BGP_None_BEST_prefixLength" : "0",
        "SLICE-R4_R4_BGP_iBGP-R3_EXPORT_bgpInternal" : "false",
        "SLICE-R4_R4_BGP_iBGP-R3_EXPORT_metric" : "0",
        "SLICE-R4_R4_BGP_iBGP-R3_EXPORT_permitted" : "false",
        "SLICE-R4_R4_BGP_iBGP-R3_EXPORT_prefixLength" : "0",
        "SLICE-R4_R4_BGP_iBGP-R3_IMPORT_bgpInternal" : "false",
        "SLICE-R4_R4_BGP_iBGP-R3_IMPORT_choice" : "false",
        "SLICE-R4_R4_BGP_iBGP-R3_IMPORT_igpMetric" : "0",
        "SLICE-R4_R4_BGP_iBGP-R3_IMPORT_metric" : "0",
        "SLICE-R4_R4_BGP_iBGP-R3_IMPORT_permitted" : "false",
        "SLICE-R4_R4_BGP_iBGP-R3_IMPORT_prefixLength" : "0",
        "SLICE-R4_R4_CONNECTED_Loopback0_IMPORT_choice" : "true",
        "SLICE-R4_R4_CONNECTED_Loopback0_IMPORT_permitted" : "true",
        "SLICE-R4_R4_CONNECTED_Loopback0_IMPORT_prefixLength" : "32",
        "SLICE-R4_R4_CONNECTED_None_BEST_history" : "1",
        "SLICE-R4_R4_CONNECTED_None_BEST_permitted" : "true",
        "SLICE-R4_R4_CONNECTED_None_BEST_prefixLength" : "32",
        "SLICE-R4_R4_CONNECTED_Serial0_IMPORT_choice" : "false",
        "SLICE-R4_R4_CONNECTED_Serial0_IMPORT_permitted" : "false",
        "SLICE-R4_R4_CONNECTED_Serial0_IMPORT_prefixLength" : "0",
        "SLICE-R4_R4_CONNECTED_Serial1_IMPORT_choice" : "false",
        "SLICE-R4_R4_CONNECTED_Serial1_IMPORT_permitted" : "false",
        "SLICE-R4_R4_CONNECTED_Serial1_IMPORT_prefixLength" : "0",
        "SLICE-R4_R4_CONNECTED__SINGLE-EXPORT_permitted" : "false",
        "SLICE-R4_R4_CONNECTED__SINGLE-EXPORT_prefixLength" : "0",
        "SLICE-R4_R4_OVERALL_None_BEST_adminDist" : "0",
        "SLICE-R4_R4_OVERALL_None_BEST_bgpInternal" : "true",
        "SLICE-R4_R4_OVERALL_None_BEST_history" : "1",
        "SLICE-R4_R4_OVERALL_None_BEST_igpMetric" : "0",
        "SLICE-R4_R4_OVERALL_None_BEST_metric" : "0",
        "SLICE-R4_R4_OVERALL_None_BEST_permitted" : "true",
        "SLICE-R4_R4_OVERALL_None_BEST_prefixLength" : "32",
        "SLICE-R4_dst-ip0" : "67372036",
        "SLICE-R4_dst-port0" : "179",
        "SLICE-R4_icmp-code0" : "0",
        "SLICE-R4_icmp-type0" : "0",
        "SLICE-R4_ip-protocol0" : "6",
        "SLICE-R4_reachable_R1" : "false",
        "SLICE-R4_reachable_R2" : "false",
        "SLICE-R4_reachable_R3" : "true",
        "SLICE-R4_reachable_R4" : "true",
        "SLICE-R4_src-ip0" : "0",
        "SLICE-R4_src-port0" : "0"
      },
      "packetModel" : {
        "dstIp" : "4.4.4.4"
      },
      "verified" : false
    }
  }
],
"question" : {
  "class" : "org.batfish.question.smt.ForwardingQuestionPlugin$ForwardingQuestion",
  "differential" : false,
  "dstIps" : [
    "4.4.4.4"
  ],
  "failures" : 0,
  "fullModel" : true
},
"status" : "SUCCESS"
}
