{
  "answerElements" : [
    {
      "class" : "org.batfish.datamodel.answers.ParseVendorConfigurationAnswerElement",
      "parseStatus" : {
        "R0" : "PASSED",
        "R1" : "PASSED",
        "R2" : "PASSED",
        "R3" : "PASSED"
      },
      "warnings" : {
        "R0" : {
          "Red flags" : {
            "1" : "MISCELLANEOUS: No hostname set in file: 'testrig/configs/R0.cfg'\n"
          }
        },
        "R1" : {
          "Red flags" : {
            "1" : "MISCELLANEOUS: No hostname set in file: 'testrig/configs/R1.cfg'\n"
          }
        },
        "R2" : {
          "Red flags" : {
            "1" : "MISCELLANEOUS: No hostname set in file: 'testrig/configs/R2.cfg'\n"
          }
        },
        "R3" : {
          "Red flags" : {
            "1" : "MISCELLANEOUS: No hostname set in file: 'testrig/configs/R3.cfg'\n"
          }
        }
      }
    },
    {
      "class" : "org.batfish.datamodel.answers.ConvertConfigurationAnswerElement"
    },
        {
          "class" : "org.batfish.datamodel.answers.InitInfoAnswerElement",
          "parseStatus" : {
            "R0" : "PASSED",
            "R1" : "PASSED",
            "R2" : "PASSED",
            "R3" : "PASSED"
          }
        }
      ],
      "status" : "SUCCESS"
    }
