{
  "answerElements" : [
    {
      "class" : "org.batfish.smt.answers.SmtManyAnswerElement",
      "result" : {
        "R3,Loopback0" : {
          "verified" : true
        }
      }
    }
  ],
  "question" : {
    "class" : "org.batfish.question.smt.EqualLengthQuestionPlugin$EqualLengthQuestion",
    "differential" : false,
    "finalIfaceRegex" : "Loopback.*",
    "finalNodeRegex" : "R3",
    "ingressNodeRegex" : "R(1|2)"
  },
  "status" : "SUCCESS"
}
