{
  "answerElements" : [
    {
      "class" : "org.batfish.smt.answers.SmtManyAnswerElement",
      "result" : {
        "R3,Loopback0 --> _,_" : {
          "verified" : true
        }
      }
    }
  ],
  "question" : {
    "class" : "org.batfish.question.smt.EqualLengthQuestionPlugin$EqualLengthQuestion",
    "differential" : false,
    "ifaceRegex" : "Loopback.*",
    "node1Regex" : "R3",
    "node2Regex" : "(R1|R2)"
  },
  "status" : "SUCCESS"
}
