{
  "answerElements" : [
    {
      "class" : "org.batfish.smt.answers.SmtManyAnswerElement",
      "result" : {
        "R3,Loopback0" : {
          "forwardingModel" : [
            "R0,Serial0 --> R1,Serial0",
            "R0,Serial1 --> R2,Serial0",
            "R1,Serial1 --> R3,Serial0",
            "R2,Serial1 --> R3,Serial1",
            "R3,Loopback0 --> _,_"
          ],
          "model" : {
            "R0_OVERALL_none_BEST_metric" : "2",
            "R0_OVERALL_none_BEST_permitted" : "true",
            "R0_OVERALL_none_BEST_prefixLength" : "32",
            "R0_ospf_Serial0_IMPORT_choice" : "true",
            "R0_ospf_Serial1_IMPORT_choice" : "true",
            "R0_ospf__SINGLE-EXPORT_metric" : "3",
            "R0_ospf__SINGLE-EXPORT_permitted" : "true",
            "R0_ospf__SINGLE-EXPORT_prefixLength" : "32",
            "R1_OVERALL_none_BEST_metric" : "1",
            "R1_OVERALL_none_BEST_permitted" : "true",
            "R1_OVERALL_none_BEST_prefixLength" : "32",
            "R1_ospf_Serial0_IMPORT_choice" : "false",
            "R1_ospf_Serial1_IMPORT_choice" : "true",
            "R1_ospf__SINGLE-EXPORT_metric" : "2",
            "R1_ospf__SINGLE-EXPORT_permitted" : "true",
            "R1_ospf__SINGLE-EXPORT_prefixLength" : "32",
            "R2_OVERALL_none_BEST_metric" : "1",
            "R2_OVERALL_none_BEST_permitted" : "true",
            "R2_OVERALL_none_BEST_prefixLength" : "32",
            "R2_ospf_Serial0_IMPORT_choice" : "false",
            "R2_ospf_Serial1_IMPORT_choice" : "true",
            "R2_ospf__SINGLE-EXPORT_metric" : "2",
            "R2_ospf__SINGLE-EXPORT_permitted" : "true",
            "R2_ospf__SINGLE-EXPORT_prefixLength" : "32",
            "R3_OVERALL_none_BEST_adminDist" : "0",
            "R3_OVERALL_none_BEST_history" : "1",
            "R3_OVERALL_none_BEST_metric" : "0",
            "R3_OVERALL_none_BEST_permitted" : "true",
            "R3_OVERALL_none_BEST_prefixLength" : "32",
            "R3_connected_Loopback0_IMPORT_choice" : "true",
            "R3_connected_Loopback0_IMPORT_permitted" : "true",
            "R3_connected_Loopback0_IMPORT_prefixLength" : "32",
            "R3_connected_Serial0_IMPORT_choice" : "false",
            "R3_connected_Serial0_IMPORT_permitted" : "false",
            "R3_connected_Serial0_IMPORT_prefixLength" : "0",
            "R3_connected_Serial1_IMPORT_choice" : "false",
            "R3_connected_Serial1_IMPORT_permitted" : "false",
            "R3_connected_Serial1_IMPORT_prefixLength" : "0",
            "R3_connected__SINGLE-EXPORT_permitted" : "false",
            "R3_connected__SINGLE-EXPORT_prefixLength" : "0",
            "R3_connected_none_BEST_history" : "1",
            "R3_connected_none_BEST_permitted" : "true",
            "R3_connected_none_BEST_prefixLength" : "32",
            "R3_ospf_Loopback0_IMPORT_choice" : "false",
            "R3_ospf_Loopback0_IMPORT_metric" : "0",
            "R3_ospf_Loopback0_IMPORT_permitted" : "false",
            "R3_ospf_Loopback0_IMPORT_prefixLength" : "0",
            "R3_ospf_Serial0_IMPORT_choice" : "false",
            "R3_ospf_Serial0_IMPORT_metric" : "0",
            "R3_ospf_Serial0_IMPORT_permitted" : "false",
            "R3_ospf_Serial0_IMPORT_prefixLength" : "0",
            "R3_ospf_Serial1_IMPORT_choice" : "false",
            "R3_ospf_Serial1_IMPORT_metric" : "0",
            "R3_ospf_Serial1_IMPORT_permitted" : "false",
            "R3_ospf_Serial1_IMPORT_prefixLength" : "0",
            "R3_ospf__SINGLE-EXPORT_metric" : "1",
            "R3_ospf__SINGLE-EXPORT_permitted" : "true",
            "R3_ospf__SINGLE-EXPORT_prefixLength" : "32",
            "R3_ospf_none_BEST_history" : "0",
            "R3_ospf_none_BEST_metric" : "0",
            "R3_ospf_none_BEST_permitted" : "false",
            "R3_ospf_none_BEST_prefixLength" : "0",
            "control-forwarding_R0_Serial0" : "true",
            "control-forwarding_R0_Serial1" : "true",
            "control-forwarding_R1_Serial0" : "false",
            "control-forwarding_R1_Serial1" : "true",
            "control-forwarding_R2_Serial0" : "false",
            "control-forwarding_R2_Serial1" : "true",
            "control-forwarding_R3_Loopback0" : "true",
            "control-forwarding_R3_Serial0" : "false",
            "control-forwarding_R3_Serial1" : "false",
            "data-forwarding_R0_Serial0" : "true",
            "data-forwarding_R0_Serial1" : "true",
            "data-forwarding_R1_Serial0" : "false",
            "data-forwarding_R1_Serial1" : "true",
            "data-forwarding_R2_Serial0" : "false",
            "data-forwarding_R2_Serial1" : "true",
            "data-forwarding_R3_Loopback0" : "true",
            "data-forwarding_R3_Serial0" : "false",
            "data-forwarding_R3_Serial1" : "false",
            "dst-ip0" : "1179010630",
            "dst-port0" : "0",
            "icmp-code0" : "0",
            "icmp-type0" : "0",
            "ip-protocol0" : "0",
            "path-length_R0" : "2",
            "path-length_R1" : "1",
            "path-length_R2" : "1",
            "path-length_R3" : "0",
            "src-ip0" : "0",
            "src-port0" : "0"
          },
          "packetModel" : {
            "dstIp" : "70.70.70.70"
          },
          "verified" : false
        }
      }
    }
  ],
  "question" : {
    "class" : "org.batfish.question.smt.EqualLengthQuestionPlugin$EqualLengthQuestion",
    "differential" : false,
    "ifaceRegex" : "Loopback.*",
    "node1Regex" : "R3",
    "node2Regex" : "R(1|0)"
  },
  "status" : "SUCCESS"
}
