{
  "answerElements" : [
    {
      "class" : "org.batfish.smt.answers.SmtOneAnswerElement",
      "result" : {
        "forwardingModel" : [
          "R1,Serial2 --> _,_"
        ],
        "model" : {
          "CONTROL-FORWARDING_R1_Serial0" : "false",
          "CONTROL-FORWARDING_R1_Serial2" : "true",
          "CONTROL-FORWARDING_R2_Serial0" : "false",
          "CONTROL-FORWARDING_R2_Serial1" : "false",
          "CONTROL-FORWARDING_R3_Serial0" : "false",
          "DATA-FORWARDING_R1_Serial0" : "false",
          "DATA-FORWARDING_R1_Serial2" : "true",
          "DATA-FORWARDING_R2_Serial0" : "false",
          "DATA-FORWARDING_R2_Serial1" : "false",
          "DATA-FORWARDING_R3_Serial0" : "false",
          "FAILED-EDGE_R1_Serial2" : "0",
          "FAILED-INTERNAL_R1_R2" : "0",
          "FAILED-INTERNAL_R2_R3" : "0",
          "R1_CONNECTED_None_BEST_history" : "1",
          "R1_CONNECTED_None_BEST_permitted" : "true",
          "R1_CONNECTED_None_BEST_prefixLength" : "32",
          "R1_CONNECTED_Serial0_IMPORT_choice" : "false",
          "R1_CONNECTED_Serial0_IMPORT_permitted" : "false",
          "R1_CONNECTED_Serial0_IMPORT_prefixLength" : "0",
          "R1_CONNECTED_Serial2_IMPORT_choice" : "true",
          "R1_CONNECTED_Serial2_IMPORT_permitted" : "true",
          "R1_CONNECTED_Serial2_IMPORT_prefixLength" : "32",
          "R1_CONNECTED__SINGLE-EXPORT_permitted" : "false",
          "R1_CONNECTED__SINGLE-EXPORT_prefixLength" : "0",
          "R1_OSPF_None_BEST_history" : "0",
          "R1_OSPF_None_BEST_metric" : "0",
          "R1_OSPF_None_BEST_permitted" : "false",
          "R1_OSPF_None_BEST_prefixLength" : "0",
          "R1_OSPF_Serial0_EXPORT_metric" : "0",
          "R1_OSPF_Serial0_EXPORT_permitted" : "false",
          "R1_OSPF_Serial0_EXPORT_prefixLength" : "0",
          "R1_OSPF_Serial0_IMPORT_choice" : "false",
          "R1_OSPF_Serial0_IMPORT_metric" : "0",
          "R1_OSPF_Serial0_IMPORT_permitted" : "false",
          "R1_OSPF_Serial0_IMPORT_prefixLength" : "0",
          "R1_OSPF_Serial2_EXPORT_metric" : "1",
          "R1_OSPF_Serial2_EXPORT_permitted" : "true",
          "R1_OSPF_Serial2_EXPORT_prefixLength" : "32",
          "R1_OSPF_Serial2_IMPORT_choice" : "false",
          "R1_OSPF_Serial2_IMPORT_metric" : "0",
          "R1_OSPF_Serial2_IMPORT_permitted" : "false",
          "R1_OSPF_Serial2_IMPORT_prefixLength" : "0",
          "R1_OVERALL_None_BEST_adminDist" : "0",
          "R1_OVERALL_None_BEST_history" : "1",
          "R1_OVERALL_None_BEST_metric" : "0",
          "R1_OVERALL_None_BEST_permitted" : "true",
          "R1_OVERALL_None_BEST_prefixLength" : "32",
          "R2_OSPF_Serial0_IMPORT_choice" : "false",
          "R2_OSPF_Serial1_IMPORT_choice" : "false",
          "R2_OSPF__SINGLE-EXPORT_metric" : "0",
          "R2_OSPF__SINGLE-EXPORT_permitted" : "false",
          "R2_OSPF__SINGLE-EXPORT_prefixLength" : "0",
          "R2_OVERALL_None_BEST_metric" : "0",
          "R2_OVERALL_None_BEST_permitted" : "false",
          "R2_OVERALL_None_BEST_prefixLength" : "0",
          "R3_OSPF_Serial0_IMPORT_choice" : "false",
          "R3_OSPF__SINGLE-EXPORT_metric" : "0",
          "R3_OSPF__SINGLE-EXPORT_permitted" : "false",
          "R3_OSPF__SINGLE-EXPORT_prefixLength" : "0",
          "R3_OVERALL_None_BEST_metric" : "0",
          "R3_OVERALL_None_BEST_permitted" : "false",
          "R3_OVERALL_None_BEST_prefixLength" : "0",
          "dst-ip0" : "1179010630",
          "dst-port0" : "0",
          "icmp-code0" : "0",
          "icmp-type0" : "0",
          "ip-protocol0" : "0",
          "src-ip0" : "0",
          "src-port0" : "0"
        },
        "packetModel" : {
          "dstIp" : "70.70.70.70"
        },
        "verified" : false
      }
    }
  ],
  "question" : {
    "class" : "org.batfish.question.smt.ForwardingQuestionPlugin$ForwardingQuestion",
    "differential" : false,
    "dstIps" : [
      "70.70.70.70"
    ],
    "failures" : 0,
    "fullModel" : true,
    "noEnvironment" : false
  },
  "status" : "SUCCESS"
}
