{
  "answerElements" : [
    {
      "class" : "org.batfish.smt.answers.SmtOneAnswerElement",
      "result" : {
        "forwardingModel" : [
          "R1,Serial0 --> R2,Serial0",
          "R2,Serial1 --> _,_"
        ],
        "model" : {
          "R1_OVERALL_none_BEST_adminDist" : "1",
          "R1_OVERALL_none_BEST_metric" : "21",
          "R1_OVERALL_none_BEST_permitted" : "true",
          "R1_OVERALL_none_BEST_prefixLength" : "24",
          "R1_ospf_Loopback0_IMPORT_adminDist" : "0",
          "R1_ospf_Loopback0_IMPORT_choice" : "false",
          "R1_ospf_Loopback0_IMPORT_metric" : "0",
          "R1_ospf_Loopback0_IMPORT_permitted" : "false",
          "R1_ospf_Loopback0_IMPORT_prefixLength" : "0",
          "R1_ospf_Serial0_IMPORT_choice" : "true",
          "R1_ospf__SINGLE-EXPORT_adminDist" : "1",
          "R1_ospf__SINGLE-EXPORT_metric" : "22",
          "R1_ospf__SINGLE-EXPORT_permitted" : "true",
          "R1_ospf__SINGLE-EXPORT_prefixLength" : "24",
          "R2_OVERALL_none_BEST_adminDist" : "1",
          "R2_OVERALL_none_BEST_metric" : "0",
          "R2_OVERALL_none_BEST_permitted" : "true",
          "R2_OVERALL_none_BEST_prefixLength" : "24",
          "R2_ospf_Loopback0_IMPORT_adminDist" : "0",
          "R2_ospf_Loopback0_IMPORT_choice" : "false",
          "R2_ospf_Loopback0_IMPORT_metric" : "0",
          "R2_ospf_Loopback0_IMPORT_permitted" : "false",
          "R2_ospf_Loopback0_IMPORT_prefixLength" : "0",
          "R2_ospf_Serial0_IMPORT_choice" : "false",
          "R2_ospf_Serial1_IMPORT_adminDist" : "0",
          "R2_ospf_Serial1_IMPORT_choice" : "false",
          "R2_ospf_Serial1_IMPORT_metric" : "0",
          "R2_ospf_Serial1_IMPORT_permitted" : "false",
          "R2_ospf_Serial1_IMPORT_prefixLength" : "0",
          "R2_ospf__SINGLE-EXPORT_adminDist" : "1",
          "R2_ospf__SINGLE-EXPORT_metric" : "21",
          "R2_ospf__SINGLE-EXPORT_permitted" : "true",
          "R2_ospf__SINGLE-EXPORT_prefixLength" : "24",
          "R2_ospf_none_BEST_adminDist" : "1",
          "R2_ospf_none_BEST_history" : "0",
          "R2_ospf_none_BEST_metric" : "20",
          "R2_ospf_none_BEST_permitted" : "true",
          "R2_ospf_none_BEST_prefixLength" : "24",
          "R2_ospf_none_REDIST_FROM_STATIC_adminDist" : "1",
          "R2_ospf_none_REDIST_FROM_STATIC_choice" : "true",
          "R2_ospf_none_REDIST_FROM_STATIC_history" : "0",
          "R2_ospf_none_REDIST_FROM_STATIC_metric" : "20",
          "R2_ospf_none_REDIST_FROM_STATIC_permitted" : "true",
          "R2_ospf_none_REDIST_FROM_STATIC_prefixLength" : "24",
          "R2_static_Serial1_IMPORT_adminDist" : "1",
          "R2_static_Serial1_IMPORT_choice" : "true",
          "R2_static_Serial1_IMPORT_permitted" : "true",
          "R2_static_Serial1_IMPORT_prefixLength" : "24",
          "R2_static__SINGLE-EXPORT_adminDist" : "0",
          "R2_static__SINGLE-EXPORT_permitted" : "false",
          "R2_static__SINGLE-EXPORT_prefixLength" : "0",
          "R2_static_none_BEST_adminDist" : "1",
          "R2_static_none_BEST_permitted" : "true",
          "R2_static_none_BEST_prefixLength" : "24",
          "control-forwarding_R1_Loopback0" : "false",
          "control-forwarding_R1_Serial0" : "true",
          "control-forwarding_R2_Loopback0" : "false",
          "control-forwarding_R2_Serial0" : "false",
          "control-forwarding_R2_Serial1" : "true",
          "data-forwarding_R1_Loopback0" : "false",
          "data-forwarding_R1_Serial0" : "true",
          "data-forwarding_R2_Loopback0" : "false",
          "data-forwarding_R2_Serial0" : "false",
          "data-forwarding_R2_Serial1" : "true",
          "dst-ip1" : "2348810240",
          "dst-port1" : "0",
          "icmp-code1" : "0",
          "icmp-type1" : "0",
          "ip-protocol1" : "0",
          "src-ip1" : "0",
          "src-port1" : "0"
        },
        "packetModel" : {
          "dstIp" : "140.0.0.0"
        },
        "verified" : false
      }
    }
  ],
  "question" : {
    "class" : "org.batfish.question.smt.ForwardingQuestionPlugin$ForwardingQuestion",
    "destination" : "140.0.0.0/32",
    "differential" : false
  },
  "status" : "SUCCESS"
}
