{
  "answerElements" : [
    {
      "class" : "org.batfish.smt.answers.SmtOneAnswerElement",
      "result" : {
        "forwardingModel" : [
          "R1,Serial0 --> R2,Serial0",
          "R2,Loopback0 --> _,_"
        ],
        "model" : {
          "CONTROL-FORWARDING_R1_Loopback0" : "false",
          "CONTROL-FORWARDING_R1_Serial0" : "true",
          "CONTROL-FORWARDING_R2_Loopback0" : "true",
          "CONTROL-FORWARDING_R2_Serial0" : "false",
          "CONTROL-FORWARDING_R2_Serial1" : "false",
          "DATA-FORWARDING_R1_Loopback0" : "false",
          "DATA-FORWARDING_R1_Serial0" : "true",
          "DATA-FORWARDING_R2_Loopback0" : "true",
          "DATA-FORWARDING_R2_Serial0" : "false",
          "DATA-FORWARDING_R2_Serial1" : "false",
          "R1_OSPF_Serial0_IMPORT_choice" : "true",
          "R1_OSPF__SINGLE-EXPORT_adminDist" : "0",
          "R1_OSPF__SINGLE-EXPORT_metric" : "11",
          "R1_OSPF__SINGLE-EXPORT_ospfType" : "3",
          "R1_OSPF__SINGLE-EXPORT_permitted" : "true",
          "R1_OSPF__SINGLE-EXPORT_prefixLength" : "24",
          "R1_OVERALL_None_BEST_adminDist" : "0",
          "R1_OVERALL_None_BEST_metric" : "10",
          "R1_OVERALL_None_BEST_ospfType" : "3",
          "R1_OVERALL_None_BEST_permitted" : "true",
          "R1_OVERALL_None_BEST_prefixLength" : "24",
          "R2_CONNECTED_Loopback0_IMPORT_choice" : "true",
          "R2_CONNECTED_Loopback0_IMPORT_permitted" : "true",
          "R2_CONNECTED_Loopback0_IMPORT_prefixLength" : "24",
          "R2_CONNECTED_None_BEST_history" : "1",
          "R2_CONNECTED_None_BEST_permitted" : "true",
          "R2_CONNECTED_None_BEST_prefixLength" : "24",
          "R2_CONNECTED_Serial0_IMPORT_choice" : "false",
          "R2_CONNECTED_Serial0_IMPORT_permitted" : "false",
          "R2_CONNECTED_Serial0_IMPORT_prefixLength" : "0",
          "R2_CONNECTED_Serial1_IMPORT_choice" : "false",
          "R2_CONNECTED_Serial1_IMPORT_permitted" : "false",
          "R2_CONNECTED_Serial1_IMPORT_prefixLength" : "0",
          "R2_CONNECTED__SINGLE-EXPORT_permitted" : "false",
          "R2_CONNECTED__SINGLE-EXPORT_prefixLength" : "0",
          "R2_OSPF_None_BEST_adminDist" : "0",
          "R2_OSPF_None_BEST_history" : "0",
          "R2_OSPF_None_BEST_metric" : "11",
          "R2_OSPF_None_BEST_ospfType" : "3",
          "R2_OSPF_None_BEST_permitted" : "true",
          "R2_OSPF_None_BEST_prefixLength" : "24",
          "R2_OSPF_Serial0_EXPORT_adminDist" : "0",
          "R2_OSPF_Serial0_EXPORT_metric" : "10",
          "R2_OSPF_Serial0_EXPORT_ospfType" : "3",
          "R2_OSPF_Serial0_EXPORT_permitted" : "true",
          "R2_OSPF_Serial0_EXPORT_prefixLength" : "24",
          "R2_OSPF_Serial0_IMPORT_choice" : "true",
          "R2_OSPF_Serial1_EXPORT_adminDist" : "0",
          "R2_OSPF_Serial1_EXPORT_metric" : "0",
          "R2_OSPF_Serial1_EXPORT_ospfType" : "0",
          "R2_OSPF_Serial1_EXPORT_permitted" : "false",
          "R2_OSPF_Serial1_EXPORT_prefixLength" : "0",
          "R2_OSPF_Serial1_IMPORT_adminDist" : "0",
          "R2_OSPF_Serial1_IMPORT_choice" : "false",
          "R2_OSPF_Serial1_IMPORT_metric" : "0",
          "R2_OSPF_Serial1_IMPORT_ospfType" : "0",
          "R2_OSPF_Serial1_IMPORT_permitted" : "false",
          "R2_OSPF_Serial1_IMPORT_prefixLength" : "0",
          "R2_OVERALL_None_BEST_adminDist" : "0",
          "R2_OVERALL_None_BEST_history" : "1",
          "R2_OVERALL_None_BEST_metric" : "0",
          "R2_OVERALL_None_BEST_ospfType" : "0",
          "R2_OVERALL_None_BEST_permitted" : "true",
          "R2_OVERALL_None_BEST_prefixLength" : "24",
          "dst-ip0" : "1162167552",
          "dst-port0" : "0",
          "icmp-code0" : "0",
          "icmp-type0" : "0",
          "ip-protocol0" : "0",
          "src-ip0" : "0",
          "src-port0" : "0"
        },
        "packetModel" : {
          "dstIp" : "69.69.69.0"
        },
        "verified" : false
      }
    }
  ],
  "question" : {
    "class" : "org.batfish.question.smt.ForwardingQuestionPlugin$ForwardingQuestion",
    "differential" : false,
    "dstIps" : [
      "69.69.69.0"
    ]
  },
  "status" : "SUCCESS"
}
