{
  "answerElements" : [
    {
      "class" : "org.batfish.smt.answers.SmtOneAnswerElement",
      "result" : {
        "forwardingModel" : [
          "R1,Serial0 --> R2,Serial0",
          "R2,Serial0 --> R1,Serial0"
        ],
        "model" : {
          "CONTROL-FORWARDING_R1_Serial0" : "true",
          "CONTROL-FORWARDING_R2_Serial0" : "true",
          "DATA-FORWARDING_R1_Serial0" : "true",
          "DATA-FORWARDING_R2_Serial0" : "true",
          "R1_OVERALL_None_BEST_metric" : "0",
          "R1_OVERALL_None_BEST_permitted" : "true",
          "R1_OVERALL_None_BEST_prefixLength" : "8",
          "R1_STATIC_Serial0_IMPORT_choice" : "true",
          "R1_STATIC_Serial0_IMPORT_permitted" : "true",
          "R1_STATIC_Serial0_IMPORT_prefixLength" : "8",
          "R1_STATIC__SINGLE-EXPORT_permitted" : "false",
          "R1_STATIC__SINGLE-EXPORT_prefixLength" : "0",
          "R2_OVERALL_None_BEST_metric" : "0",
          "R2_OVERALL_None_BEST_permitted" : "true",
          "R2_OVERALL_None_BEST_prefixLength" : "8",
          "R2_STATIC_Serial0_IMPORT_choice" : "true",
          "R2_STATIC_Serial0_IMPORT_permitted" : "true",
          "R2_STATIC_Serial0_IMPORT_prefixLength" : "8",
          "R2_STATIC__SINGLE-EXPORT_permitted" : "false",
          "R2_STATIC__SINGLE-EXPORT_prefixLength" : "0",
          "dst-ip0" : "2885681152",
          "dst-port0" : "0",
          "icmp-code0" : "0",
          "icmp-type0" : "0",
          "ip-protocol0" : "0",
          "src-ip0" : "0",
          "src-port0" : "0"
        },
        "packetModel" : {
          "dstIp" : "172.0.0.0"
        },
        "verified" : false
      }
    }
  ],
  "question" : {
    "class" : "org.batfish.question.smt.ForwardingQuestionPlugin$ForwardingQuestion",
    "differential" : false,
    "dstIps" : [
      "172.0.0.0"
    ]
  },
  "status" : "SUCCESS"
}
